Archive member included to satisfy reference by file (symbol)

/opt/devkitpro/libnds/lib/libfat.a(libfat.o)
                              general.o (fatInitDefault)
/opt/devkitpro/libnds/lib/libfat.a(partition.o)
                              /opt/devkitpro/libnds/lib/libfat.a(libfat.o) (_FAT_partition_constructor)
/opt/devkitpro/libnds/lib/libfat.a(lock.o)
                              /opt/devkitpro/libnds/lib/libfat.a(partition.o) (_FAT_lock_init)
/opt/devkitpro/libnds/lib/libfat.a(fatdir.o)
                              /opt/devkitpro/libnds/lib/libfat.a(libfat.o) (_FAT_stat_r)
/opt/devkitpro/libnds/lib/libfat.a(cache.o)
                              /opt/devkitpro/libnds/lib/libfat.a(partition.o) (_FAT_cache_constructor)
/opt/devkitpro/libnds/lib/libfat.a(fatfile.o)
                              /opt/devkitpro/libnds/lib/libfat.a(libfat.o) (_FAT_open_r)
/opt/devkitpro/libnds/lib/libfat.a(disc.o)
                              /opt/devkitpro/libnds/lib/libfat.a(libfat.o) (_FAT_disc_interfaces)
/opt/devkitpro/libnds/lib/libfat.a(file_allocation_table.o)
                              /opt/devkitpro/libnds/lib/libfat.a(fatfile.o) (_FAT_fat_nextCluster)
/opt/devkitpro/libnds/lib/libfat.a(filetime.o)
                              /opt/devkitpro/libnds/lib/libfat.a(fatdir.o) (_FAT_filetime_getTimeFromRTC)
/opt/devkitpro/libnds/lib/libfat.a(directory.o)
                              /opt/devkitpro/libnds/lib/libfat.a(fatdir.o) (_FAT_directory_entryGetCluster)
/opt/devkitpro/libnds/lib/libmm9.a(mm_main9.o)
                              general.o (mmInit)
/opt/devkitpro/libnds/lib/libmm9.a(mm_soundbank.o)
                              /opt/devkitpro/libnds/lib/libmm9.a(mm_main9.o) (mmSoundBankInMemory)
/opt/devkitpro/libnds/lib/libmm9.a(mm_stream.o)
                              general.o (mmStreamOpen)
/opt/devkitpro/libnds/lib/libmm9.a(mm_comms.o)
                              /opt/devkitpro/libnds/lib/libmm9.a(mm_main9.o) (mmSetupComms)
/opt/devkitpro/libnds/lib/libnds9.a(keys.o)
                              main.o (scanKeys)
/opt/devkitpro/libnds/lib/libnds9.a(sprite.o)
                              graphicseng.o (oamInit)
/opt/devkitpro/libnds/lib/libnds9.a(image.o)
                              graphicseng.o (image8to16)
/opt/devkitpro/libnds/lib/libnds9.a(trig.o)
                              blackbox.o (sinLerp)
/opt/devkitpro/libnds/lib/libnds9.a(sprite_alloc.o)
                              /opt/devkitpro/libnds/lib/libnds9.a(sprite.o) (oamAllocReset)
/opt/devkitpro/libnds/lib/libnds9.a(pcx.o)
                              graphicseng.o (loadPCX)
/opt/devkitpro/libnds/lib/libnds9.a(sassert.o)
                              graphicseng.o (__sassert)
/opt/devkitpro/libnds/lib/libnds9.a(touch.o)
                              main.o (touchRead)
/opt/devkitpro/libnds/lib/libnds9.a(background.o)
                              graphicseng.o (bgState)
/opt/devkitpro/libnds/lib/libnds9.a(dldi.o)
                              /opt/devkitpro/libnds/lib/libfat.a(disc.o) (dldiGetInternal)
/opt/devkitpro/libnds/lib/libnds9.a(dsi_sd.o)
                              /opt/devkitpro/libnds/lib/libfat.a(disc.o) (__io_dsisd)
/opt/devkitpro/libnds/lib/libnds9.a(initSystem.o)
                              /opt/devkitpro/devkitARM/lib/gcc/arm-none-eabi/4.9.2/../../../../arm-none-eabi/lib/thumb/ds_arm9_crt0.o (initSystem)
/opt/devkitpro/libnds/lib/libnds9.a(fifosystem.o)
                              /opt/devkitpro/libnds/lib/libmm9.a(mm_comms.o) (fifoSetValue32Handler)
/opt/devkitpro/libnds/lib/libnds9.a(libnds_exit.arm.o)
                              /opt/devkitpro/devkitARM/lib/gcc/arm-none-eabi/4.9.2/../../../../arm-none-eabi/lib/thumb/ds_arm9_crt0.o (__libnds_exit)
/opt/devkitpro/libnds/lib/libnds9.a(interrupts.o)
                              /opt/devkitpro/libnds/lib/libmm9.a(mm_stream.o) (irqSet)
/opt/devkitpro/libnds/lib/libnds9.a(timers.o)
                              main.o (timerStart)
/opt/devkitpro/libnds/lib/libnds9.a(dcache.o)
                              graphicseng.o (DC_FlushRange)
/opt/devkitpro/libnds/lib/libnds9.a(dldi_stub.o)
                              /opt/devkitpro/libnds/lib/libnds9.a(dldi.o) (_io_dldi_stub)
/opt/devkitpro/libnds/lib/libnds9.a(mpu_setup.o)
                              /opt/devkitpro/devkitARM/lib/gcc/arm-none-eabi/4.9.2/../../../../arm-none-eabi/lib/thumb/ds_arm9_crt0.o (__libnds_mpu_setup)
/opt/devkitpro/libnds/lib/libnds9.a(swiSoftReset.o)
                              /opt/devkitpro/libnds/lib/libnds9.a(fifosystem.o) (swiSoftReset)
/opt/devkitpro/libnds/lib/libnds9.a(biosCalls.o)
                              /opt/devkitpro/libnds/lib/libnds9.a(fifosystem.o) (swiIntrWait)
/opt/devkitpro/libnds/lib/libnds9.a(interruptDispatcher.o)
                              /opt/devkitpro/libnds/lib/libnds9.a(interrupts.o) (IntrMain)
/opt/devkitpro/libnds/lib/libnds9.a(console.o)
                              /opt/devkitpro/libnds/lib/libnds9.a(sassert.o) (consoleDemoInit)
[...]
Memory Configuration

Name             Origin             Length             Attributes
rom              0x08000000         0x02000000
ewram            0x02000000         0x003ff000
dtcm             0x0b000000         0x00004000
vectors          0x01000000         0x00000100
itcm             0x01000100         0x00007f00
*default*        0x00000000         0xffffffff

Linker script and memory map

                0x01000000                __vectors_start = ORIGIN (vectors)
                0x01000100                __itcm_start = ORIGIN (itcm)
                0x023ff000                __ewram_end = (ORIGIN (ewram) + 0x3ff000)
                0x023ff000                __eheap_end = (ORIGIN (ewram) + 0x3ff000)
                0x0b000000                __dtcm_start = ORIGIN (dtcm)
                0x0b004000                __dtcm_top = (ORIGIN (dtcm) + 0x4000)
                0x0b003ff8                __irq_flags = (__dtcm_top - 0x8)
                0x0b003ffc                __irq_vector = (__dtcm_top - 0x4)
                0x0b003f00                __sp_svc = (__dtcm_top - 0x100)
                0x0b003e00                __sp_irq = (__sp_svc - 0x100)
                0x0b003d00                __sp_usr = (__sp_irq - 0x100)

.init           0x02000000      0x23c
                0x02000000                __text_start = .
 *(.init)
 .init          0x02000000      0x230 /opt/devkitpro/devkitARM/lib/gcc/arm-none-eabi/4.9.2/../../../../arm-none-eabi/lib/thumb/ds_arm9_crt0.o
                0x02000000                _start
 .init          0x02000230        0x4 /opt/devkitpro/devkitARM/lib/gcc/arm-none-eabi/4.9.2/thumb/crti.o
                0x02000230                _init
 .init          0x02000234        0x8 /opt/devkitpro/devkitARM/lib/gcc/arm-none-eabi/4.9.2/thumb/crtn.o
                0x0200023c                . = ALIGN (0x4)

.plt
 *(.plt)

.text           0x02000240    0x34d58
 *(EXCLUDE_FILE(*.itcm*) .text)
 .text          0x02000240        0x0 /opt/devkitpro/devkitARM/lib/gcc/arm-none-eabi/4.9.2/../../../../arm-none-eabi/lib/thumb/ds_arm9_crt0.o
 .text          0x02000240        0x0 /opt/devkitpro/devkitARM/lib/gcc/arm-none-eabi/4.9.2/thumb/crti.o
 .text          0x02000240       0xd4 /opt/devkitpro/devkitARM/lib/gcc/arm-none-eabi/4.9.2/thumb/crtbegin.o
 .text          0x02000314      0x1bc blackbox.o
                0x02000314                Phasor::Process()
                0x02000344                FeedBackDelay::Process()
                0x02000384                SinOsc::Process()
                0x020003c8                Oscillator::SetFreqHZ(int)
                0x020003f8                Oscillator::SetFreqMS(int)
                0x0200041c                Oscillator::SetAmplitude(int)
                0x02000424                Oscillator::SetPhase(int)
                0x0200042c                Phasor::Phasor(int)
                0x0200042c                Phasor::Phasor(int)
                0x02000444                FeedBackDelay::FeedBackDelay(int, int)
                0x02000444                FeedBackDelay::FeedBackDelay(int, int)
                0x02000488                FeedBackDelay::Signal(int)
                0x02000490                FeedBackDelay::SetAmplitude(int)
                0x02000498                FeedBackDelay::SetDelay(int)
                0x020004b0                FeedBackDelay::SetFeedBack(int)
                0x020004b8                SinOsc::SinOsc(int)
                0x020004b8                SinOsc::SinOsc(int)
 .text          0x020004d0      0x12c general.o
                0x020004d0                on_stream_request(unsigned int, void*, mm_stream_formats)
                0x020004fc                loadWAV(char*)
                0x02000534                processsound()
                0x02000548                SoundSetup(BlackBox*, int, int)
                0x0200058c                SoundRestart(int, int)
                0x02000594                ipower(int, int)
                0x020005ac                recttest(int, int, int, int, int, int)
 .text          0x020005fc      0x224 granularsampler.o
                0x020005fc                GranularSampler::Process()
                0x020006ec                GranularSampler::GranularSampler(unsigned long, unsigned long, unsigned long, short*)
                0x020006ec                GranularSampler::GranularSampler(unsigned long, unsigned long, unsigned long, short*)
                0x02000774                GranularSampler::SetPlaybackRate(unsigned long, unsigned long)
                0x020007a4                GranularSampler::SetPlaybackPos(unsigned long, unsigned long)
                0x020007e0                GranularSampler::SetPitch(unsigned long, unsigned long)
                0x020007fc                GranularSampler::SetGrainSize(unsigned long)
                0x02000818                GranularSampler::SetLoop(unsigned char)
 .text          0x02000820     0x1238 graphicseng.o
                0x02000974                GraphicsEng::GraphicsEng()
                0x02000974                GraphicsEng::GraphicsEng()
                0x02000cac                GraphicsEng::Instance()
                0x02000cd0                GraphicsEng::Reset()
                0x02000d04                GraphicsEng::SetBG(unsigned short, pAlpha, gLayer)
                0x02000d3c                GraphicsEng::SetBG(unsigned char*, int, unsigned char, gLayer)
                0x02000ea8                GraphicsEng::Test()
                0x02000f4c                GraphicsEng::DrawPoint(int, int, unsigned short, pAlpha, gLayer)
                0x02000f6c                GraphicsEng::DrawLine(int, int, int, int, unsigned short, pAlpha, gLayer)
                0x02001084                GraphicsEng::DrawBezQuad(int, int, int, int, int, int, int, unsigned short, pAlpha, gLayer)
                0x02001168                GraphicsEng::DrawRect(int, int, int, int, int, unsigned short, pAlpha, gLayer)
                0x02001358                GraphicsEng::DrawCircle(int, int, int, int, unsigned short, pAlpha, gLayer)
                0x020014e8                GraphicsEng::DrawCircle(int, int, int, int, int, unsigned short, pAlpha, gLayer)
                0x02001658                GraphicsEng::DrawChar(int, int, char, unsigned short, gLayer)
                0x02001738                GraphicsEng::DrawInt(int, int, int, unsigned short, gLayer)
                0x020017c4                GraphicsEng::DrawString(int, int, char*, unsigned short, gLayer)
                0x02001814                GraphicsEng::AddSpriteGraphics(unsigned char*, int, SpriteSize, gLayer)
                0x020018f0                GraphicsEng::DrawSprite(int, int, bool, int, int, int, SpriteSize, gLayer)
                0x020019a8                GraphicsEng::UpdateMain()
                0x020019bc                GraphicsEng::UpdateSub()
                0x02001a2c                GraphicsEng::Update()
                0x02001a54                GraphicsEng::~GraphicsEng()
                0x02001a54                GraphicsEng::~GraphicsEng()
 .text          0x02001a58      0x118 main.o
                0x02001a58                HandleInput()
 .text          0x02001b70        0x0 soundengine.o
 .text          0x02001b70      0x338 /opt/devkitpro/libnds/lib/libfat.a(libfat.o)
                0x02001b70                fatMount
                0x02001c30                fatMountSimple
                0x02001c44                fatUnmount
                0x02001c7c                fatInit
                0x02001dc0                fatInitDefault
                0x02001dcc                fatGetVolumeLabel
 .text          0x02001ea8      0x768 /opt/devkitpro/libnds/lib/libfat.a(partition.o)
                0x020020b4                FindFirstValidPartition_buf
                0x02002238                FindFirstValidPartition
                0x02002260                _FAT_partition_constructor_buf
                0x02002520                _FAT_partition_constructor
                0x02002560                _FAT_partition_destructor
                0x020025a8                _FAT_partition_getPartitionFromPath
                0x020025bc                _FAT_partition_createFSinfo
                0x020025d4                _FAT_partition_readFSinfo
                0x020025e4                _FAT_partition_writeFSinfo
                0x020025f4                _FAT_getCwdClusterPtr
 .text          0x02002610       0x10 /opt/devkitpro/libnds/lib/libfat.a(lock.o)
                0x02002610                _FAT_lock_init
                0x02002614                _FAT_lock_deinit
                0x02002618                _FAT_lock
                0x0200261c                _FAT_unlock
 .text          0x02002620      0x91c /opt/devkitpro/libnds/lib/libfat.a(fatdir.o)
                0x02002620                _FAT_stat_r
                0x020026bc                _FAT_link_r
                0x020026c8                _FAT_unlink_r
                0x02002850                _FAT_chdir_r
                0x020028c0                _FAT_rename_r
                0x02002a8c                _FAT_mkdir_r
                0x02002d04                _FAT_statvfs_r
                0x02002d8c                _FAT_diropen_r
                0x02002e4c                _FAT_dirreset_r
                0x02002e98                _FAT_dirnext_r
                0x02002f1c                _FAT_dirclose_r
 .text          0x02002f3c      0x528 /opt/devkitpro/libnds/lib/libfat.a(cache.o)
                0x02003078                _FAT_cache_constructor
                0x02003118                _FAT_cache_readSectors
                0x02003184                _FAT_cache_readPartialSector
                0x020031c4                _FAT_cache_readLittleEndianValue
                0x02003250                _FAT_cache_writePartialSector
                0x02003270                _FAT_cache_writeLittleEndianValue
                0x020032c4                _FAT_cache_eraseWritePartialSector
                0x02003330                _FAT_cache_writeSectors
                0x020033a8                _FAT_cache_flush
                0x02003400                _FAT_cache_destructor
                0x02003434                _FAT_cache_invalidate
 .text          0x02003464     0x1424 /opt/devkitpro/libnds/lib/libfat.a(fatfile.o)
                0x020037b4                _FAT_findEntry
                0x020037f4                FAT_getAttr
                0x0200381c                FAT_setAttr
                0x020038cc                _FAT_open_r
                0x02003bf0                _FAT_syncToDisc
                0x02003c10                _FAT_close_r
                0x02003c88                _FAT_read_r
                0x02003fe4                _FAT_write_r
                0x020044e4                _FAT_seek_r
                0x02004648                _FAT_fstat_r
                0x020046dc                _FAT_ftruncate_r
                0x02004840                _FAT_fsync_r
 .text          0x02004888        0x8 /opt/devkitpro/libnds/lib/libfat.a(disc.o)
 .text          0x02004890      0x4bc /opt/devkitpro/libnds/lib/libfat.a(file_allocation_table.o)
                0x020049dc                _FAT_fat_nextCluster
                0x02004af8                _FAT_fat_linkFreeCluster
                0x02004b8c                _FAT_fat_linkFreeClusterCleared
                0x02004bfc                _FAT_fat_clearLinks
                0x02004c60                _FAT_fat_trimChain
                0x02004cec                _FAT_fat_lastCluster
                0x02004d20                _FAT_fat_freeClusterCount
 .text          0x02004d4c       0xb8 /opt/devkitpro/libnds/lib/libfat.a(filetime.o)
                0x02004d4c                _FAT_filetime_getTimeFromRTC
                0x02004d8c                _FAT_filetime_getDateFromRTC
                0x02004dcc                _FAT_filetime_to_time_t
 .text          0x02004e04     0x14c0 /opt/devkitpro/libnds/lib/libfat.a(directory.o)
                0x020050a8                _FAT_directory_entryGetCluster
                0x020050c4                _FAT_directory_getNextEntry
                0x02005340                _FAT_directory_getFirstEntry
                0x02005360                _FAT_directory_getRootEntry
                0x020053bc                _FAT_directory_getVolumeLabel
                0x02005480                _FAT_directory_entryFromPosition
                0x020055c8                _FAT_directory_entryFromPath
                0x0200583c                _FAT_directory_removeEntry
                0x02005904                _FAT_directory_addEntry
                0x020061a0                _FAT_directory_chdir
                0x020061ec                _FAT_directory_entryStat
 .text          0x020062c4      0x108 /opt/devkitpro/libnds/lib/libmm9.a(mm_main9.o)
                0x020062c4                mmActive
                0x020062ca                mmSetEventHandler
                0x020062d0                mmInit
                0x020062fa                mmInitDefault
                0x02006344                mmInitDefaultMem
                0x02006366                mmSuspendIRQ_t
                0x02006384                mmRestoreIRQ_t
 .text          0x020063cc      0x100 /opt/devkitpro/libnds/lib/libmm9.a(mm_soundbank.o)
                0x020063cc                mmSoundBankInMemory
                0x020063d4                mmSoundBankInFiles
                0x020063e6                mmSetCustomSoundBankHandler
                0x02006412                mmsHandleFileOp
 .text          0x020064cc      0x400 /opt/devkitpro/libnds/lib/libmm9.a(mm_stream.o)
                0x020064cc                mmStreamOpen
                0x020065ce                mmStreamGetPosition
                0x02006608                mmStreamUpdate
                0x02006848                mmStreamClose
 .text          0x020068cc      0x24c /opt/devkitpro/libnds/lib/libmm9.a(mm_comms.o)
                0x020068cc                mmSetupComms
                0x0200691e                mmSendBank
                0x02006928                mmLockChannels
                0x0200692e                mmUnlockChannels
                0x02006934                mmStart
                0x0200693e                mmPause
                0x02006942                mmResume
                0x02006946                mmStop
                0x0200694a                mmPosition
                0x0200694e                mmJingle
                0x02006952                mmSetModuleVolume
                0x02006956                mmSetJingleVolume
                0x0200695a                mmSetModuleTempo
                0x0200695e                mmSetModulePitch
                0x02006962                mmSetEffectsVolume
                0x02006966                mmSelectMode
                0x0200696a                mmStreamBegin
                0x0200697e                mmStreamEnd
                0x020069d4                mmEffect
                0x020069f8                mmEffectVolume
                0x020069fc                mmEffectPanning
                0x02006a00                mmEffectRate
                0x02006a0a                mmEffectScaleRate
                0x02006a14                mmEffectRelease
                0x02006a1a                mmEffectCancel
                0x02006a20                mmEffectEx
                0x02006a5e                mmEffectCancelAll
                0x02006a62                mmReverbEnable
                0x02006a66                mmReverbDisable
                0x02006a6a                mmReverbConfigure
                0x02006ac6                mmReverbStart
                0x02006aca                mmReverbStop
 .text          0x02006b18       0xf4 /opt/devkitpro/libnds/lib/libnds9.a(keys.o)
                0x02006b18                scanKeys
                0x02006b84                keysHeld
                0x02006b90                keysDown
                0x02006ba0                keysDownRepeat
                0x02006bb0                keysSetRepeat
                0x02006bc8                keysUp
                0x02006bd8                keysCurrent
 .text          0x02006c0c      0x3fc /opt/devkitpro/libnds/lib/libnds9.a(sprite.o)
                0x02006c0c                oamInit
                0x02006d28                oamDisable
                0x02006d54                oamEnable
                0x02006d74                oamGetGfxPtr
                0x02006dac                oamClear
                0x02006dd4                oamGfxPtrToOffset
                0x02006e04                oamSet
                0x02006f58                oamUpdate
                0x02006fb8                oamRotateScale
 .text          0x02007008      0x2b8 /opt/devkitpro/libnds/lib/libnds9.a(image.o)
                0x02007008                image24to16
                0x020070c8                image8to16
                0x02007134                image8to16trans
                0x020071c8                imageTileData
                0x0200729c                imageDestroy
 .text          0x020072c0      0x244 /opt/devkitpro/libnds/lib/libnds9.a(trig.o)
                0x020072c0                asinComp
                0x020072e4                sinLutLookup
                0x0200731c                sinLerp
                0x02007358                cosLerp
                0x0200736c                tanLutLookup
                0x020073a4                tanLerp
                0x0200744c                asinLerp
                0x020074c8                acosLerp
                0x020074dc                atanComp
 .text          0x02007504      0x45c /opt/devkitpro/libnds/lib/libnds9.a(sprite_alloc.o)
                0x02007534                oamAllocReset
                0x02007550                oamAllocateGfx
                0x02007780                oamFreeGfx
                0x02007910                oamCountFragments
 .text          0x02007960      0x1a8 /opt/devkitpro/libnds/lib/libnds9.a(pcx.o)
                0x02007960                loadPCX
 .text          0x02007b08       0x34 /opt/devkitpro/libnds/lib/libnds9.a(sassert.o)
                0x02007b08                __sassert
 .text          0x02007b3c       0x48 /opt/devkitpro/libnds/lib/libnds9.a(touch.o)
                0x02007b3c                touchRead
                0x02007b60                touchReadXY
 .text          0x02007b84      0x350 /opt/devkitpro/libnds/lib/libnds9.a(background.o)
                0x02007b84                bgIsText
                0x02007b90                checkIfText
                0x02007be8                bgUpdate
                0x02007cdc                bgInit_call
                0x02007dcc                bgInitSub_call
 .text          0x02007ed4      0x22c /opt/devkitpro/libnds/lib/libnds9.a(dldi.o)
                0x02007ed4                dldiGetInternal
                0x02007f08                dldiIsValid
                0x02007f40                dldiFixDriverAddresses
                0x02008018                dldiLoadFromFile
                0x020080f4                dldiFree
 .text          0x02008100      0x148 /opt/devkitpro/libnds/lib/libnds9.a(dsi_sd.o)
                0x02008100                sdio_ClearStatus
                0x02008110                sdio_Shutdown
                0x02008120                sdio_Startup
                0x0200816c                sdio_IsInserted
                0x020081a0                sdio_ReadSectors
                0x020081f4                sdio_WriteSectors
 .text          0x02008248      0x14c /opt/devkitpro/libnds/lib/libnds9.a(initSystem.o)
                0x02008248                initSystem
 .text          0x02008394      0xcb8 /opt/devkitpro/libnds/lib/libnds9.a(fifosystem.o)
                0x02008658                fifoSetValue32Handler
                0x020086cc                fifoSendAddress
                0x020086f8                fifoSendValue32
                0x02008734                fifoSendDatamsg
                0x020087a8                fifoGetAddress
                0x02008814                fifoSetAddressHandler
                0x02008888                fifoGetValue32
                0x0200889c                fifoGetDatamsg
                0x02008d50                fifoSetDatamsgHandler
                0x02008de4                fifoCheckAddress
                0x02008e08                fifoCheckDatamsg
                0x02008e2c                fifoCheckDatamsgLength
                0x02008e5c                fifoCheckValue32
                0x02008e80                fifoInit
 .text          0x0200904c       0x5c /opt/devkitpro/libnds/lib/libnds9.a(libnds_exit.arm.o)
                0x0200904c                systemErrorExit
                0x02009050                __libnds_exit
 .text          0x020090a8      0x1ec /opt/devkitpro/libnds/lib/libnds9.a(interrupts.o)
                0x020090a8                irqDummy
                0x020090ac                irqSet
                0x02009118                irqInit
                0x02009164                irqInitHandler
                0x02009194                irqEnable
                0x020091f8                irqDisable
                0x0200925c                irqClear
 .text          0x02009294      0x1b4 /opt/devkitpro/libnds/lib/libnds9.a(timers.o)
                0x02009294                timerStart
                0x020092dc                timerElapsed
                0x0200930c                timerPause
                0x0200934c                timerStop
                0x02009388                cpuStartTiming
                0x020093c4                cpuGetTiming
                0x02009400                cpuEndTiming
 .text          0x02009448       0x88 /opt/devkitpro/libnds/lib/libnds9.a(dcache.o)
                0x02009448                DC_FlushAll
                0x02009474                DC_FlushRange
                0x02009498                DC_InvalidateAll
                0x020094a4                DC_InvalidateRange
 *fill*         0x020094d0       0x30 ff
 .text          0x02009500     0x8000 /opt/devkitpro/libnds/lib/libnds9.a(dldi_stub.o)
                0x02009500                _io_dldi_stub
 .text          0x02011500      0x1b4 /opt/devkitpro/libnds/lib/libnds9.a(mpu_setup.o)
                0x02011500                __libnds_mpu_setup
                0x02011640                memCached
                0x02011658                memUncached
 *fill*         0x020116b4        0xc ff
 .text          0x020116c0       0x30 /opt/devkitpro/libnds/lib/libnds9.a(swiSoftReset.o)
                0x020116c0                swiSoftReset
 .text          0x020116f0       0x70 /opt/devkitpro/libnds/lib/libnds9.a(biosCalls.o)
                0x020116f0                swiDelay
                0x020116f4                swiIntrWait
                0x020116f8                swiWaitForVBlank
                0x020116fc                swiSleep
                0x02011700                swiChangeSoundBias
                0x02011704                swiDivide
                0x02011708                swiRemainder
                0x0201170e                swiDivMod
                0x0201171a                swiCopy
                0x0201171e                swiFastCopy
                0x02011722                swiSqrt
                0x02011726                swiCRC16
                0x0201172a                swiIsDebugger
                0x0201172e                swiUnpackBits
                0x02011732                swiDecompressLZSSWram
                0x02011736                swiDecompressLZSSVramNTR
                0x0201173a                swiDecompressLZSSVramTWL
                0x0201173e                swiDecompressHuffman
                0x02011742                swiDecompressRLEWram
                0x02011746                swiDecompressRLEVram
                0x0201174a                swiWaitForIRQ
                0x0201174e                swiDecodeDelta8
                0x02011752                swiDecodeDelta16
                0x02011756                swiSetHaltCR
 .text          0x02011760        0x0 /opt/devkitpro/libnds/lib/libnds9.a(interruptDispatcher.o)
 .text          0x02011760      0xa54 /opt/devkitpro/libnds/lib/libnds9.a(console.o)
                0x0201180c                nocash_write
                0x0201181c                consoleGetDefault
                0x02011828                consoleSelect
                0x02011838                consoleDebugInit
                0x02011888                consolePrintChar
                0x02011a6c                consoleLoadFont
                0x02011cf8                consoleSetFont
                0x02011d18                consoleInit
                0x02011e80                consoleDemoInit
                0x02011ec4                con_write
                0x02012184                consoleClear
                0x02012194                consoleSetWindow
 .text          0x020121b4      0x134 /opt/devkitpro/libnds/lib/libnds9.a(system.o)
                0x020121b4                setSDcallback
                0x020121c0                systemMsgHandler
                0x02012210                systemSleep
                0x02012228                systemValueHandler
                0x02012264                powerOn
                0x02012290                powerOff
                0x020122b8                ledBlink
                0x020122c8                getBatteryLevel
 .text          0x020122e8      0x1f8 /opt/devkitpro/libnds/lib/libnds9.a(video.o)
                0x020122e8                vramSetPrimaryBanks
                0x0201232c                vramSetMainBanks
                0x02012370                vramSetBanks_EFG
                0x020123a8                vramRestorePrimaryBanks
                0x020123b4                vramRestoreMainBanks
                0x020123c0                vramRestoreBanks_EFG
                0x020123cc                setBrightness
                0x0201240c                vramDefault
 .text          0x020124e0       0x24 /opt/devkitpro/libnds/lib/libnds9.a(timeSupport.o)
                0x020124e0                __libnds_gtod
 .text          0x02012504       0xa4 /opt/devkitpro/libnds/lib/libnds9.a(debugprint.o)
                0x02012504                nocashWrite
                0x02012506                nocashMessage
 .text          0x020125a8        0x0 /opt/devkitpro/libnds/lib/libnds9.a(default_font.bin.o)
 .text          0x020125a8        0x0 /opt/devkitpro/devkitARM/lib/gcc/arm-none-eabi/4.9.2/../../../../arm-none-eabi/lib/thumb/libstdc++.a(new_op.o)
 .text          0x020125a8        0x0 /opt/devkitpro/devkitARM/lib/gcc/arm-none-eabi/4.9.2/../../../../arm-none-eabi/lib/thumb/libstdc++.a(bad_alloc.o)
 .text          0x020125a8        0x0 /opt/devkitpro/devkitARM/lib/gcc/arm-none-eabi/4.9.2/../../../../arm-none-eabi/lib/thumb/libstdc++.a(del_op.o)
 .text          0x020125a8        0x0 /opt/devkitpro/devkitARM/lib/gcc/arm-none-eabi/4.9.2/../../../../arm-none-eabi/lib/thumb/libstdc++.a(eh_alloc.o)
 .text          0x020125a8        0x0 /opt/devkitpro/devkitARM/lib/gcc/arm-none-eabi/4.9.2/../../../../arm-none-eabi/lib/thumb/libstdc++.a(eh_exception.o)
 .text          0x020125a8        0x0 /opt/devkitpro/devkitARM/lib/gcc/arm-none-eabi/4.9.2/../../../../arm-none-eabi/lib/thumb/libstdc++.a(eh_terminate.o)
 .text          0x020125a8        0x0 /opt/devkitpro/devkitARM/lib/gcc/arm-none-eabi/4.9.2/../../../../arm-none-eabi/lib/thumb/libstdc++.a(eh_throw.o)
 .text          0x020125a8        0x0 /opt/devkitpro/devkitARM/lib/gcc/arm-none-eabi/4.9.2/../../../../arm-none-eabi/lib/thumb/libstdc++.a(eh_unex_handler.o)
 .text          0x020125a8        0x0 /opt/devkitpro/devkitARM/lib/gcc/arm-none-eabi/4.9.2/../../../../arm-none-eabi/lib/thumb/libstdc++.a(new_handler.o)
 .text          0x020125a8        0x0 /opt/devkitpro/devkitARM/lib/gcc/arm-none-eabi/4.9.2/../../../../arm-none-eabi/lib/thumb/libstdc++.a(pure.o)
 .text          0x020125a8        0x0 /opt/devkitpro/devkitARM/lib/gcc/arm-none-eabi/4.9.2/../../../../arm-none-eabi/lib/thumb/libstdc++.a(si_class_type_info.o)
 .text          0x020125a8        0x0 /opt/devkitpro/devkitARM/lib/gcc/arm-none-eabi/4.9.2/../../../../arm-none-eabi/lib/thumb/libstdc++.a(tinfo.o)
 .text          0x020125a8        0x0 /opt/devkitpro/devkitARM/lib/gcc/arm-none-eabi/4.9.2/../../../../arm-none-eabi/lib/thumb/libstdc++.a(class_type_info.o)
 .text          0x020125a8        0x0 /opt/devkitpro/devkitARM/lib/gcc/arm-none-eabi/4.9.2/../../../../arm-none-eabi/lib/thumb/libstdc++.a(eh_arm.o)
 .text          0x020125a8        0x0 /opt/devkitpro/devkitARM/lib/gcc/arm-none-eabi/4.9.2/../../../../arm-none-eabi/lib/thumb/libstdc++.a(eh_call.o)
 .text          0x020125a8        0x0 /opt/devkitpro/devkitARM/lib/gcc/arm-none-eabi/4.9.2/../../../../arm-none-eabi/lib/thumb/libstdc++.a(eh_catch.o)
 .text          0x020125a8        0x0 /opt/devkitpro/devkitARM/lib/gcc/arm-none-eabi/4.9.2/../../../../arm-none-eabi/lib/thumb/libstdc++.a(eh_globals.o)
 .text          0x020125a8        0x0 /opt/devkitpro/devkitARM/lib/gcc/arm-none-eabi/4.9.2/../../../../arm-none-eabi/lib/thumb/libstdc++.a(eh_personality.o)
 .text          0x020125a8        0x0 /opt/devkitpro/devkitARM/lib/gcc/arm-none-eabi/4.9.2/../../../../arm-none-eabi/lib/thumb/libstdc++.a(eh_term_handler.o)
 .text          0x020125a8        0x0 /opt/devkitpro/devkitARM/lib/gcc/arm-none-eabi/4.9.2/../../../../arm-none-eabi/lib/thumb/libstdc++.a(vterminate.o)
 .text          0x020125a8     0x90cc /opt/devkitpro/devkitARM/lib/gcc/arm-none-eabi/4.9.2/../../../../arm-none-eabi/lib/thumb/libstdc++.a(cp-demangle.o)
                0x0201b574                __cxa_demangle
                0x0201b64c                __gcclibcxx_demangle_callback
 .text          0x0201b674        0x0 /opt/devkitpro/devkitARM/lib/gcc/arm-none-eabi/4.9.2/../../../../arm-none-eabi/lib/thumb/libstdc++.a(eh_type.o)
 .text          0x0201b674        0x0 /opt/devkitpro/devkitARM/lib/gcc/arm-none-eabi/4.9.2/../../../../arm-none-eabi/lib/thumb/libm.a(lib_a-w_pow.o)
 .text          0x0201b674        0x0 /opt/devkitpro/devkitARM/lib/gcc/arm-none-eabi/4.9.2/../../../../arm-none-eabi/lib/thumb/libm.a(lib_a-w_sqrt.o)
 .text          0x0201b674        0x0 /opt/devkitpro/devkitARM/lib/gcc/arm-none-eabi/4.9.2/../../../../arm-none-eabi/lib/thumb/libm.a(lib_a-e_pow.o)
 .text          0x0201b674        0x0 /opt/devkitpro/devkitARM/lib/gcc/arm-none-eabi/4.9.2/../../../../arm-none-eabi/lib/thumb/libm.a(lib_a-e_sqrt.o)
 .text          0x0201b674        0x0 /opt/devkitpro/devkitARM/lib/gcc/arm-none-eabi/4.9.2/../../../../arm-none-eabi/lib/thumb/libm.a(lib_a-s_fabs.o)
 .text          0x0201b674        0x0 /opt/devkitpro/devkitARM/lib/gcc/arm-none-eabi/4.9.2/../../../../arm-none-eabi/lib/thumb/libm.a(lib_a-s_finite.o)
 .text          0x0201b674        0x0 /opt/devkitpro/devkitARM/lib/gcc/arm-none-eabi/4.9.2/../../../../arm-none-eabi/lib/thumb/libm.a(lib_a-s_fpclassify.o)
 .text          0x0201b674        0x0 /opt/devkitpro/devkitARM/lib/gcc/arm-none-eabi/4.9.2/../../../../arm-none-eabi/lib/thumb/libm.a(lib_a-s_lib_ver.o)
 .text          0x0201b674        0x0 /opt/devkitpro/devkitARM/lib/gcc/arm-none-eabi/4.9.2/../../../../arm-none-eabi/lib/thumb/libm.a(lib_a-s_matherr.o)
 .text          0x0201b674        0x0 /opt/devkitpro/devkitARM/lib/gcc/arm-none-eabi/4.9.2/../../../../arm-none-eabi/lib/thumb/libm.a(lib_a-s_nan.o)
 .text          0x0201b674        0x0 /opt/devkitpro/devkitARM/lib/gcc/arm-none-eabi/4.9.2/../../../../arm-none-eabi/lib/thumb/libm.a(lib_a-s_rint.o)
 .text          0x0201b674        0x0 /opt/devkitpro/devkitARM/lib/gcc/arm-none-eabi/4.9.2/../../../../arm-none-eabi/lib/thumb/libm.a(lib_a-s_scalbn.o)
 .text          0x0201b674        0x0 /opt/devkitpro/devkitARM/lib/gcc/arm-none-eabi/4.9.2/../../../../arm-none-eabi/lib/thumb/libm.a(lib_a-s_copysign.o)
 .text          0x0201b674      0x11c /opt/devkitpro/devkitARM/lib/gcc/arm-none-eabi/4.9.2/thumb/libgcc.a(_udivsi3.o)
                0x0201b674                __udivsi3
                0x0201b674                __aeabi_uidiv
                0x0201b770                __aeabi_uidivmod
 .text          0x0201b790      0x150 /opt/devkitpro/devkitARM/lib/gcc/arm-none-eabi/4.9.2/thumb/libgcc.a(_divsi3.o)
                0x0201b790                __aeabi_idiv
                0x0201b790                __divsi3
                0x0201b8c0                __aeabi_idivmod
 .text          0x0201b8e0        0x4 /opt/devkitpro/devkitARM/lib/gcc/arm-none-eabi/4.9.2/thumb/libgcc.a(_dvmd_tls.o)
                0x0201b8e0                __aeabi_ldiv0
                0x0201b8e0                __aeabi_idiv0
 .text          0x0201b8e4       0x3c /opt/devkitpro/devkitARM/lib/gcc/arm-none-eabi/4.9.2/thumb/libgcc.a(_call_via_rX.o)
                0x0201b8e4                _call_via_r0
                0x0201b8e8                _call_via_r1
                0x0201b8ec                _call_via_r2
                0x0201b8f0                _call_via_r3
                0x0201b8f4                _call_via_r4
                0x0201b8f8                _call_via_r5
                0x0201b8fc                _call_via_r6
                0x0201b900                _call_via_r7
                0x0201b904                _call_via_r8
                0x0201b908                _call_via_r9
                0x0201b90c                _call_via_sl
                0x0201b910                _call_via_fp
                0x0201b914                _call_via_ip
                0x0201b918                _call_via_sp
                0x0201b91c                _call_via_lr
 .text          0x0201b920      0x41c /opt/devkitpro/devkitARM/lib/gcc/arm-none-eabi/4.9.2/thumb/libgcc.a(_arm_addsubdf3.o)
                0x0201b920                __aeabi_drsub
                0x0201b928                __subdf3
                0x0201b928                __aeabi_dsub
                0x0201b92c                __aeabi_dadd
                0x0201b92c                __adddf3
                0x0201bc3c                __aeabi_ui2d
                0x0201bc3c                __floatunsidf
                0x0201bc60                __floatsidf
                0x0201bc60                __aeabi_i2d
                0x0201bc88                __extendsfdf2
                0x0201bc88                __aeabi_f2d
                0x0201bcc8                __aeabi_ul2d
                0x0201bcc8                __floatundidf
                0x0201bcdc                __aeabi_l2d
                0x0201bcdc                __floatdidf
 .text          0x0201bd3c      0x49c /opt/devkitpro/devkitARM/lib/gcc/arm-none-eabi/4.9.2/thumb/libgcc.a(_arm_muldivdf3.o)
                0x0201bd3c                __aeabi_dmul
                0x0201bd3c                __muldf3
                0x0201bfcc                __aeabi_ddiv
                0x0201bfcc                __divdf3
 .text          0x0201c1d8      0x144 /opt/devkitpro/devkitARM/lib/gcc/arm-none-eabi/4.9.2/thumb/libgcc.a(_arm_cmpdf2.o)
                0x0201c1d8                __gtdf2
                0x0201c1d8                __gedf2
                0x0201c1e0                __ltdf2
                0x0201c1e0                __ledf2
                0x0201c1e8                __eqdf2
                0x0201c1e8                __nedf2
                0x0201c1e8                __cmpdf2
                0x0201c270                __aeabi_cdrcmple
                0x0201c28c                __aeabi_cdcmple
                0x0201c28c                __aeabi_cdcmpeq
                0x0201c2a4                __aeabi_dcmpeq
                0x0201c2bc                __aeabi_dcmplt
                0x0201c2d4                __aeabi_dcmple
                0x0201c2ec                __aeabi_dcmpge
                0x0201c304                __aeabi_dcmpgt
 .text          0x0201c31c       0x5c /opt/devkitpro/devkitARM/lib/gcc/arm-none-eabi/4.9.2/thumb/libgcc.a(_arm_fixdfsi.o)
                0x0201c31c                __fixdfsi
                0x0201c31c                __aeabi_d2iz
 .text          0x0201c378       0xa0 /opt/devkitpro/devkitARM/lib/gcc/arm-none-eabi/4.9.2/thumb/libgcc.a(_arm_truncdfsf2.o)
                0x0201c378                __aeabi_d2f
                0x0201c378                __truncdfsf2
 .text          0x0201c418      0x2ac /opt/devkitpro/devkitARM/lib/gcc/arm-none-eabi/4.9.2/thumb/libgcc.a(_arm_addsubsf3.o)
                0x0201c418                __aeabi_frsub
                0x0201c420                __aeabi_fsub
                0x0201c420                __subsf3
                0x0201c424                __aeabi_fadd
                0x0201c424                __addsf3
                0x0201c5e0                __aeabi_ui2f
                0x0201c5e0                __floatunsisf
                0x0201c5e8                __floatsisf
                0x0201c5e8                __aeabi_i2f
                0x0201c608                __aeabi_ul2f
                0x0201c608                __floatundisf
                0x0201c618                __aeabi_l2f
                0x0201c618                __floatdisf
 .text          0x0201c6c4      0x2f8 /opt/devkitpro/devkitARM/lib/gcc/arm-none-eabi/4.9.2/thumb/libgcc.a(_arm_muldivsf3.o)
                0x0201c6c4                __mulsf3
                0x0201c6c4                __aeabi_fmul
                0x0201c85c                __divsf3
                0x0201c85c                __aeabi_fdiv
 .text          0x0201c9bc       0x5c /opt/devkitpro/devkitARM/lib/gcc/arm-none-eabi/4.9.2/thumb/libgcc.a(_arm_fixsfsi.o)
                0x0201c9bc                __fixsfsi
                0x0201c9bc                __aeabi_f2iz
 .text          0x0201ca18       0x54 /opt/devkitpro/devkitARM/lib/gcc/arm-none-eabi/4.9.2/thumb/libgcc.a(_arm_fixunssfsi.o)
                0x0201ca18                __aeabi_f2uiz
                0x0201ca18                __fixunssfsi
 .text          0x0201ca6c       0x60 /opt/devkitpro/devkitARM/lib/gcc/arm-none-eabi/4.9.2/thumb/libgcc.a(_muldi3.o)
                0x0201ca6c                __aeabi_lmul
                0x0201ca6c                __muldi3
 .text          0x0201cacc      0xb68 /opt/devkitpro/devkitARM/lib/gcc/arm-none-eabi/4.9.2/thumb/libgcc.a(unwind-arm.o)
                0x0201cdcc                _Unwind_GetCFA
                0x0201cdd0                __gnu_Unwind_RaiseException
                0x0201ce2c                __gnu_Unwind_ForcedUnwind
                0x0201ce44                __gnu_Unwind_Resume
                0x0201ce8c                __gnu_Unwind_Resume_or_Rethrow
                0x0201ceac                _Unwind_Complete
                0x0201ceb0                _Unwind_DeleteException
                0x0201cec8                _Unwind_VRS_Get
                0x0201cf18                _Unwind_VRS_Set
                0x0201cf68                __gnu_Unwind_Backtrace
                0x0201d2fc                __aeabi_unwind_cpp_pr0
                0x0201d30c                __aeabi_unwind_cpp_pr1
                0x0201d31c                __aeabi_unwind_cpp_pr2
                0x0201d32c                _Unwind_VRS_Pop
 .text          0x0201d634      0x1d8 /opt/devkitpro/devkitARM/lib/gcc/arm-none-eabi/4.9.2/thumb/libgcc.a(libunwind.o)
                0x0201d634                __restore_core_regs
                0x0201d634                restore_core_regs
                0x0201d650                __gnu_Unwind_Restore_VFP
                0x0201d658                __gnu_Unwind_Save_VFP
                0x0201d660                __gnu_Unwind_Restore_VFP_D
                0x0201d668                __gnu_Unwind_Save_VFP_D
                0x0201d670                __gnu_Unwind_Restore_VFP_D_16_to_31
                0x0201d678                __gnu_Unwind_Save_VFP_D_16_to_31
                0x0201d680                __gnu_Unwind_Restore_WMMXD
                0x0201d6c4                __gnu_Unwind_Save_WMMXD
                0x0201d708                __gnu_Unwind_Restore_WMMXC
                0x0201d71c                __gnu_Unwind_Save_WMMXC
                0x0201d730                _Unwind_RaiseException
                0x0201d730                ___Unwind_RaiseException
                0x0201d75c                ___Unwind_Resume
                0x0201d75c                _Unwind_Resume
                0x0201d788                ___Unwind_Resume_or_Rethrow
                0x0201d788                _Unwind_Resume_or_Rethrow
                0x0201d7b4                _Unwind_ForcedUnwind
                0x0201d7b4                ___Unwind_ForcedUnwind
                0x0201d7e0                _Unwind_Backtrace
                0x0201d7e0                ___Unwind_Backtrace
 .text          0x0201d80c      0x3bc /opt/devkitpro/devkitARM/lib/gcc/arm-none-eabi/4.9.2/thumb/libgcc.a(pr-support.o)
                0x0201d868                __gnu_unwind_execute
                0x0201db64                __gnu_unwind_frame
                0x0201db90                _Unwind_GetRegionStart
                0x0201dba0                _Unwind_GetLanguageSpecificData
                0x0201dbb8                _Unwind_GetDataRelBase
                0x0201dbc0                _Unwind_GetTextRelBase
 .text          0x0201dbc8        0x0 /opt/devkitpro/devkitARM/lib/gcc/arm-none-eabi/4.9.2/../../../../arm-none-eabi/lib/thumb/libg.a(lib_a-abort.o)
 .text          0x0201dbc8        0x0 /opt/devkitpro/devkitARM/lib/gcc/arm-none-eabi/4.9.2/../../../../arm-none-eabi/lib/thumb/libg.a(lib_a-bsearch.o)
 .text          0x0201dbc8        0x0 /opt/devkitpro/devkitARM/lib/gcc/arm-none-eabi/4.9.2/../../../../arm-none-eabi/lib/thumb/libg.a(lib_a-ctype_.o)
 .text          0x0201dbc8        0x0 /opt/devkitpro/devkitARM/lib/gcc/arm-none-eabi/4.9.2/../../../../arm-none-eabi/lib/thumb/libg.a(lib_a-errno.o)
 .text          0x0201dbc8        0x0 /opt/devkitpro/devkitARM/lib/gcc/arm-none-eabi/4.9.2/../../../../arm-none-eabi/lib/thumb/libg.a(lib_a-fclose.o)
 .text          0x0201dbc8        0x0 /opt/devkitpro/devkitARM/lib/gcc/arm-none-eabi/4.9.2/../../../../arm-none-eabi/lib/thumb/libg.a(lib_a-fflush.o)
 .text          0x0201dbc8        0x0 /opt/devkitpro/devkitARM/lib/gcc/arm-none-eabi/4.9.2/../../../../arm-none-eabi/lib/thumb/libg.a(lib_a-findfp.o)
 .text          0x0201dbc8        0x0 /opt/devkitpro/devkitARM/lib/gcc/arm-none-eabi/4.9.2/../../../../arm-none-eabi/lib/thumb/libg.a(lib_a-fopen.o)
 .text          0x0201dbc8        0x0 /opt/devkitpro/devkitARM/lib/gcc/arm-none-eabi/4.9.2/../../../../arm-none-eabi/lib/thumb/libg.a(lib_a-fputc.o)
 .text          0x0201dbc8        0x0 /opt/devkitpro/devkitARM/lib/gcc/arm-none-eabi/4.9.2/../../../../arm-none-eabi/lib/thumb/libg.a(lib_a-fputs.o)
 .text          0x0201dbc8        0x0 /opt/devkitpro/devkitARM/lib/gcc/arm-none-eabi/4.9.2/../../../../arm-none-eabi/lib/thumb/libg.a(lib_a-fread.o)
 .text          0x0201dbc8        0x0 /opt/devkitpro/devkitARM/lib/gcc/arm-none-eabi/4.9.2/../../../../arm-none-eabi/lib/thumb/libg.a(lib_a-freer.o)
 .text          0x0201dbc8        0x0 /opt/devkitpro/devkitARM/lib/gcc/arm-none-eabi/4.9.2/../../../../arm-none-eabi/lib/thumb/libg.a(lib_a-fseek.o)
 .text          0x0201dbc8        0x0 /opt/devkitpro/devkitARM/lib/gcc/arm-none-eabi/4.9.2/../../../../arm-none-eabi/lib/thumb/libg.a(lib_a-fseeko.o)
 .text          0x0201dbc8        0x0 /opt/devkitpro/devkitARM/lib/gcc/arm-none-eabi/4.9.2/../../../../arm-none-eabi/lib/thumb/libg.a(lib_a-fvwrite.o)
 .text          0x0201dbc8        0x0 /opt/devkitpro/devkitARM/lib/gcc/arm-none-eabi/4.9.2/../../../../arm-none-eabi/lib/thumb/libg.a(lib_a-fwalk.o)
 .text          0x0201dbc8        0x0 /opt/devkitpro/devkitARM/lib/gcc/arm-none-eabi/4.9.2/../../../../arm-none-eabi/lib/thumb/libg.a(lib_a-fwrite.o)
 .text          0x0201dbc8        0x0 /opt/devkitpro/devkitARM/lib/gcc/arm-none-eabi/4.9.2/../../../../arm-none-eabi/lib/thumb/libg.a(lib_a-impure.o)
 .text          0x0201dbc8        0x0 /opt/devkitpro/devkitARM/lib/gcc/arm-none-eabi/4.9.2/../../../../arm-none-eabi/lib/thumb/libg.a(lib_a-init.o)
 .text          0x0201dbc8        0x0 /opt/devkitpro/devkitARM/lib/gcc/arm-none-eabi/4.9.2/../../../../arm-none-eabi/lib/thumb/libg.a(lib_a-iprintf.o)
 .text          0x0201dbc8        0x0 /opt/devkitpro/devkitARM/lib/gcc/arm-none-eabi/4.9.2/../../../../arm-none-eabi/lib/thumb/libg.a(lib_a-lcltime_r.o)
 .text          0x0201dbc8        0x0 /opt/devkitpro/devkitARM/lib/gcc/arm-none-eabi/4.9.2/../../../../arm-none-eabi/lib/thumb/libg.a(lib_a-locale.o)
 .text          0x0201dbc8        0x0 /opt/devkitpro/devkitARM/lib/gcc/arm-none-eabi/4.9.2/../../../../arm-none-eabi/lib/thumb/libg.a(lib_a-makebuf.o)
 .text          0x0201dbc8        0x0 /opt/devkitpro/devkitARM/lib/gcc/arm-none-eabi/4.9.2/../../../../arm-none-eabi/lib/thumb/libg.a(lib_a-malloc.o)
 .text          0x0201dbc8        0x0 /opt/devkitpro/devkitARM/lib/gcc/arm-none-eabi/4.9.2/../../../../arm-none-eabi/lib/thumb/libg.a(lib_a-mallocr.o)
 .text          0x0201dbc8        0x0 /opt/devkitpro/devkitARM/lib/gcc/arm-none-eabi/4.9.2/../../../../arm-none-eabi/lib/thumb/libg.a(lib_a-mbrtowc.o)
 .text          0x0201dbc8        0x0 /opt/devkitpro/devkitARM/lib/gcc/arm-none-eabi/4.9.2/../../../../arm-none-eabi/lib/thumb/libg.a(lib_a-mbsrtowcs.o)
 .text          0x0201dbc8        0x0 /opt/devkitpro/devkitARM/lib/gcc/arm-none-eabi/4.9.2/../../../../arm-none-eabi/lib/thumb/libg.a(lib_a-mbtowc_r.o)
 .text          0x0201dbc8        0x0 /opt/devkitpro/devkitARM/lib/gcc/arm-none-eabi/4.9.2/../../../../arm-none-eabi/lib/thumb/libg.a(lib_a-memchr.o)
 .text          0x0201dbc8        0x0 /opt/devkitpro/devkitARM/lib/gcc/arm-none-eabi/4.9.2/../../../../arm-none-eabi/lib/thumb/libg.a(lib_a-memcmp.o)
 .text          0x0201dbc8        0x0 /opt/devkitpro/devkitARM/lib/gcc/arm-none-eabi/4.9.2/../../../../arm-none-eabi/lib/thumb/libg.a(lib_a-memcpy.o)
 .text          0x0201dbc8        0x0 /opt/devkitpro/devkitARM/lib/gcc/arm-none-eabi/4.9.2/../../../../arm-none-eabi/lib/thumb/libg.a(lib_a-memmove.o)
 .text          0x0201dbc8        0x0 /opt/devkitpro/devkitARM/lib/gcc/arm-none-eabi/4.9.2/../../../../arm-none-eabi/lib/thumb/libg.a(lib_a-memset.o)
 .text          0x0201dbc8        0x0 /opt/devkitpro/devkitARM/lib/gcc/arm-none-eabi/4.9.2/../../../../arm-none-eabi/lib/thumb/libg.a(lib_a-mktime.o)
 .text          0x0201dbc8        0x0 /opt/devkitpro/devkitARM/lib/gcc/arm-none-eabi/4.9.2/../../../../arm-none-eabi/lib/thumb/libg.a(lib_a-mlock.o)
 .text          0x0201dbc8        0x0 /opt/devkitpro/devkitARM/lib/gcc/arm-none-eabi/4.9.2/../../../../arm-none-eabi/lib/thumb/libg.a(lib_a-month_lengths.o)
 .text          0x0201dbc8        0x0 /opt/devkitpro/devkitARM/lib/gcc/arm-none-eabi/4.9.2/../../../../arm-none-eabi/lib/thumb/libg.a(lib_a-putc.o)
 .text          0x0201dbc8        0x0 /opt/devkitpro/devkitARM/lib/gcc/arm-none-eabi/4.9.2/../../../../arm-none-eabi/lib/thumb/libg.a(lib_a-rand.o)
 .text          0x0201dbc8        0x0 /opt/devkitpro/devkitARM/lib/gcc/arm-none-eabi/4.9.2/../../../../arm-none-eabi/lib/thumb/libg.a(lib_a-realloc.o)
 .text          0x0201dbc8        0x0 /opt/devkitpro/devkitARM/lib/gcc/arm-none-eabi/4.9.2/../../../../arm-none-eabi/lib/thumb/libg.a(lib_a-reallocr.o)
 .text          0x0201dbc8        0x0 /opt/devkitpro/devkitARM/lib/gcc/arm-none-eabi/4.9.2/../../../../arm-none-eabi/lib/thumb/libg.a(lib_a-refill.o)
 .text          0x0201dbc8        0x0 /opt/devkitpro/devkitARM/lib/gcc/arm-none-eabi/4.9.2/../../../../arm-none-eabi/lib/thumb/libg.a(lib_a-setvbuf.o)
 .text          0x0201dbc8        0x0 /opt/devkitpro/devkitARM/lib/gcc/arm-none-eabi/4.9.2/../../../../arm-none-eabi/lib/thumb/libg.a(lib_a-signal.o)
 .text          0x0201dbc8        0x0 /opt/devkitpro/devkitARM/lib/gcc/arm-none-eabi/4.9.2/../../../../arm-none-eabi/lib/thumb/libg.a(lib_a-siscanf.o)
 .text          0x0201dbc8        0x0 /opt/devkitpro/devkitARM/lib/gcc/arm-none-eabi/4.9.2/../../../../arm-none-eabi/lib/thumb/libg.a(lib_a-sprintf.o)
 .text          0x0201dbc8        0x0 /opt/devkitpro/devkitARM/lib/gcc/arm-none-eabi/4.9.2/../../../../arm-none-eabi/lib/thumb/libg.a(lib_a-stdio.o)
 .text          0x0201dbc8        0x0 /opt/devkitpro/devkitARM/lib/gcc/arm-none-eabi/4.9.2/../../../../arm-none-eabi/lib/thumb/libg.a(lib_a-stpcpy.o)
 .text          0x0201dbc8        0x0 /opt/devkitpro/devkitARM/lib/gcc/arm-none-eabi/4.9.2/../../../../arm-none-eabi/lib/thumb/libg.a(lib_a-strcasecmp.o)
 .text          0x0201dbc8        0x0 /opt/devkitpro/devkitARM/lib/gcc/arm-none-eabi/4.9.2/../../../../arm-none-eabi/lib/thumb/libg.a(lib_a-strcat.o)
 .text          0x0201dbc8        0x0 /opt/devkitpro/devkitARM/lib/gcc/arm-none-eabi/4.9.2/../../../../arm-none-eabi/lib/thumb/libg.a(lib_a-strchr.o)
 .text          0x0201dbc8      0x224 /opt/devkitpro/devkitARM/lib/gcc/arm-none-eabi/4.9.2/../../../../arm-none-eabi/lib/thumb/libg.a(lib_a-strcmp.o)
                0x0201dbc8                strcmp
 .text          0x0201ddec        0x0 /opt/devkitpro/devkitARM/lib/gcc/arm-none-eabi/4.9.2/../../../../arm-none-eabi/lib/thumb/libg.a(lib_a-strcpy.o)
 .text          0x0201ddec        0x0 /opt/devkitpro/devkitARM/lib/gcc/arm-none-eabi/4.9.2/../../../../arm-none-eabi/lib/thumb/libg.a(lib_a-strlcpy.o)
 .text          0x0201ddec        0x0 /opt/devkitpro/devkitARM/lib/gcc/arm-none-eabi/4.9.2/../../../../arm-none-eabi/lib/thumb/libg.a(lib_a-strlen.o)
 .text          0x0201ddec        0x0 /opt/devkitpro/devkitARM/lib/gcc/arm-none-eabi/4.9.2/../../../../arm-none-eabi/lib/thumb/libg.a(lib_a-strncasecmp.o)
 .text          0x0201ddec        0x0 /opt/devkitpro/devkitARM/lib/gcc/arm-none-eabi/4.9.2/../../../../arm-none-eabi/lib/thumb/libg.a(lib_a-strncmp.o)
 .text          0x0201ddec        0x0 /opt/devkitpro/devkitARM/lib/gcc/arm-none-eabi/4.9.2/../../../../arm-none-eabi/lib/thumb/libg.a(lib_a-strncpy.o)
 .text          0x0201ddec        0x0 /opt/devkitpro/devkitARM/lib/gcc/arm-none-eabi/4.9.2/../../../../arm-none-eabi/lib/thumb/libg.a(lib_a-strnlen.o)
 .text          0x0201ddec        0x0 /opt/devkitpro/devkitARM/lib/gcc/arm-none-eabi/4.9.2/../../../../arm-none-eabi/lib/thumb/libg.a(lib_a-strpbrk.o)
 .text          0x0201ddec        0x0 /opt/devkitpro/devkitARM/lib/gcc/arm-none-eabi/4.9.2/../../../../arm-none-eabi/lib/thumb/libg.a(lib_a-strrchr.o)
 .text          0x0201ddec        0x0 /opt/devkitpro/devkitARM/lib/gcc/arm-none-eabi/4.9.2/../../../../arm-none-eabi/lib/thumb/libg.a(lib_a-strtol.o)
 .text          0x0201ddec        0x0 /opt/devkitpro/devkitARM/lib/gcc/arm-none-eabi/4.9.2/../../../../arm-none-eabi/lib/thumb/libg.a(lib_a-svfiscanf.o)
 .text          0x0201ddec        0x0 /opt/devkitpro/devkitARM/lib/gcc/arm-none-eabi/4.9.2/../../../../arm-none-eabi/lib/thumb/libg.a(lib_a-svfprintf.o)
 .text          0x0201ddec        0x0 /opt/devkitpro/devkitARM/lib/gcc/arm-none-eabi/4.9.2/../../../../arm-none-eabi/lib/thumb/libg.a(lib_a-sysclose.o)
 .text          0x0201ddec        0x0 /opt/devkitpro/devkitARM/lib/gcc/arm-none-eabi/4.9.2/../../../../arm-none-eabi/lib/thumb/libg.a(lib_a-syslseek.o)
 .text          0x0201ddec        0x0 /opt/devkitpro/devkitARM/lib/gcc/arm-none-eabi/4.9.2/../../../../arm-none-eabi/lib/thumb/libg.a(lib_a-sysopen.o)
 .text          0x0201ddec        0x0 /opt/devkitpro/devkitARM/lib/gcc/arm-none-eabi/4.9.2/../../../../arm-none-eabi/lib/thumb/libg.a(lib_a-sysread.o)
 .text          0x0201ddec        0x0 /opt/devkitpro/devkitARM/lib/gcc/arm-none-eabi/4.9.2/../../../../arm-none-eabi/lib/thumb/libg.a(lib_a-syswrite.o)
 .text          0x0201ddec        0x0 /opt/devkitpro/devkitARM/lib/gcc/arm-none-eabi/4.9.2/../../../../arm-none-eabi/lib/thumb/libg.a(lib_a-time.o)
 .text          0x0201ddec        0x0 /opt/devkitpro/devkitARM/lib/gcc/arm-none-eabi/4.9.2/../../../../arm-none-eabi/lib/thumb/libg.a(lib_a-towlower.o)
 .text          0x0201ddec        0x0 /opt/devkitpro/devkitARM/lib/gcc/arm-none-eabi/4.9.2/../../../../arm-none-eabi/lib/thumb/libg.a(lib_a-towupper.o)
 .text          0x0201ddec        0x0 /opt/devkitpro/devkitARM/lib/gcc/arm-none-eabi/4.9.2/../../../../arm-none-eabi/lib/thumb/libg.a(lib_a-tzcalc_limits.o)
 .text          0x0201ddec        0x0 /opt/devkitpro/devkitARM/lib/gcc/arm-none-eabi/4.9.2/../../../../arm-none-eabi/lib/thumb/libg.a(lib_a-tzlock.o)
 .text          0x0201ddec        0x0 /opt/devkitpro/devkitARM/lib/gcc/arm-none-eabi/4.9.2/../../../../arm-none-eabi/lib/thumb/libg.a(lib_a-tzvars.o)
 .text          0x0201ddec        0x0 /opt/devkitpro/devkitARM/lib/gcc/arm-none-eabi/4.9.2/../../../../arm-none-eabi/lib/thumb/libg.a(lib_a-ungetc.o)
 .text          0x0201ddec        0x0 /opt/devkitpro/devkitARM/lib/gcc/arm-none-eabi/4.9.2/../../../../arm-none-eabi/lib/thumb/libg.a(lib_a-vfiprintf.o)
 .text          0x0201ddec        0x0 /opt/devkitpro/devkitARM/lib/gcc/arm-none-eabi/4.9.2/../../../../arm-none-eabi/lib/thumb/libg.a(lib_a-viprintf.o)
 .text          0x0201ddec        0x0 /opt/devkitpro/devkitARM/lib/gcc/arm-none-eabi/4.9.2/../../../../arm-none-eabi/lib/thumb/libg.a(lib_a-wbuf.o)
 .text          0x0201ddec        0x0 /opt/devkitpro/devkitARM/lib/gcc/arm-none-eabi/4.9.2/../../../../arm-none-eabi/lib/thumb/libg.a(lib_a-wcrtomb.o)
 .text          0x0201ddec        0x0 /opt/devkitpro/devkitARM/lib/gcc/arm-none-eabi/4.9.2/../../../../arm-none-eabi/lib/thumb/libg.a(lib_a-wcsrtombs.o)
 .text          0x0201ddec        0x0 /opt/devkitpro/devkitARM/lib/gcc/arm-none-eabi/4.9.2/../../../../arm-none-eabi/lib/thumb/libg.a(lib_a-wctob.o)
 .text          0x0201ddec        0x0 /opt/devkitpro/devkitARM/lib/gcc/arm-none-eabi/4.9.2/../../../../arm-none-eabi/lib/thumb/libg.a(lib_a-wctomb_r.o)
 .text          0x0201ddec        0x0 /opt/devkitpro/devkitARM/lib/gcc/arm-none-eabi/4.9.2/../../../../arm-none-eabi/lib/thumb/libg.a(lib_a-wsetup.o)
 .text          0x0201ddec        0x0 /opt/devkitpro/devkitARM/lib/gcc/arm-none-eabi/4.9.2/../../../../arm-none-eabi/lib/thumb/libg.a(lib_a-div.o)
 .text          0x0201ddec        0x0 /opt/devkitpro/devkitARM/lib/gcc/arm-none-eabi/4.9.2/../../../../arm-none-eabi/lib/thumb/libg.a(lib_a-dtoa.o)
 .text          0x0201ddec        0x0 /opt/devkitpro/devkitARM/lib/gcc/arm-none-eabi/4.9.2/../../../../arm-none-eabi/lib/thumb/libg.a(lib_a-flags.o)
 .text          0x0201ddec        0x0 /opt/devkitpro/devkitARM/lib/gcc/arm-none-eabi/4.9.2/../../../../arm-none-eabi/lib/thumb/libg.a(lib_a-fputwc.o)
 .text          0x0201ddec        0x0 /opt/devkitpro/devkitARM/lib/gcc/arm-none-eabi/4.9.2/../../../../arm-none-eabi/lib/thumb/libg.a(lib_a-getenv_r.o)
 .text          0x0201ddec        0x0 /opt/devkitpro/devkitARM/lib/gcc/arm-none-eabi/4.9.2/../../../../arm-none-eabi/lib/thumb/libg.a(lib_a-gettzinfo.o)
 .text          0x0201ddec        0x0 /opt/devkitpro/devkitARM/lib/gcc/arm-none-eabi/4.9.2/../../../../arm-none-eabi/lib/thumb/libg.a(lib_a-gmtime_r.o)
 .text          0x0201ddec        0x0 /opt/devkitpro/devkitARM/lib/gcc/arm-none-eabi/4.9.2/../../../../arm-none-eabi/lib/thumb/libg.a(lib_a-iswspace.o)
 .text          0x0201ddec        0x0 /opt/devkitpro/devkitARM/lib/gcc/arm-none-eabi/4.9.2/../../../../arm-none-eabi/lib/thumb/libg.a(lib_a-jp2uc.o)
 .text          0x0201ddec        0x0 /opt/devkitpro/devkitARM/lib/gcc/arm-none-eabi/4.9.2/../../../../arm-none-eabi/lib/thumb/libg.a(lib_a-mbsnrtowcs.o)
 .text          0x0201ddec        0x0 /opt/devkitpro/devkitARM/lib/gcc/arm-none-eabi/4.9.2/../../../../arm-none-eabi/lib/thumb/libg.a(lib_a-mprec.o)
 .text          0x0201ddec        0x0 /opt/devkitpro/devkitARM/lib/gcc/arm-none-eabi/4.9.2/../../../../arm-none-eabi/lib/thumb/libg.a(lib_a-s_frexp.o)
 .text          0x0201ddec        0x0 /opt/devkitpro/devkitARM/lib/gcc/arm-none-eabi/4.9.2/../../../../arm-none-eabi/lib/thumb/libg.a(lib_a-sccl.o)
 .text          0x0201ddec        0x0 /opt/devkitpro/devkitARM/lib/gcc/arm-none-eabi/4.9.2/../../../../arm-none-eabi/lib/thumb/libg.a(lib_a-strtoll_r.o)
 .text          0x0201ddec        0x0 /opt/devkitpro/devkitARM/lib/gcc/arm-none-eabi/4.9.2/../../../../arm-none-eabi/lib/thumb/libg.a(lib_a-strtoul.o)
 .text          0x0201ddec        0x0 /opt/devkitpro/devkitARM/lib/gcc/arm-none-eabi/4.9.2/../../../../arm-none-eabi/lib/thumb/libg.a(lib_a-strtoull_r.o)
 .text          0x0201ddec        0x0 /opt/devkitpro/devkitARM/lib/gcc/arm-none-eabi/4.9.2/../../../../arm-none-eabi/lib/thumb/libg.a(lib_a-svfiprintf.o)
 .text          0x0201ddec        0x0 /opt/devkitpro/devkitARM/lib/gcc/arm-none-eabi/4.9.2/../../../../arm-none-eabi/lib/thumb/libg.a(lib_a-wcsnrtombs.o)
 .text          0x0201ddec        0x0 /opt/devkitpro/devkitARM/lib/gcc/arm-none-eabi/4.9.2/../../../../arm-none-eabi/lib/thumb/libg.a(lib_a-callocr.o)
 .text          0x0201ddec        0x0 /opt/devkitpro/devkitARM/lib/gcc/arm-none-eabi/4.9.2/../../../../arm-none-eabi/lib/thumb/libg.a(lib_a-environ.o)
 .text          0x0201ddec        0x0 /opt/devkitpro/devkitARM/lib/gcc/arm-none-eabi/4.9.2/../../../../arm-none-eabi/lib/thumb/libg.a(lib_a-envlock.o)
 .text          0x0201ddec      0x140 /opt/devkitpro/devkitARM/lib/gcc/arm-none-eabi/4.9.2/../../../../arm-none-eabi/lib/thumb/libsysbase.a(iosupport.o)
                0x0201ddec                setDefaultDevice
                0x0201ddfc                FindDevice
                0x0201de6c                RemoveDevice
                0x0201de90                AddDevice
                0x0201df0c                GetDeviceOpTab
 .text          0x0201df2c       0x54 /opt/devkitpro/devkitARM/lib/gcc/arm-none-eabi/4.9.2/../../../../arm-none-eabi/lib/thumb/libsysbase.a(close.o)
                0x0201df2c                _close_r
 .text          0x0201df80       0x44 /opt/devkitpro/devkitARM/lib/gcc/arm-none-eabi/4.9.2/../../../../arm-none-eabi/lib/thumb/libsysbase.a(fstat.o)
                0x0201df80                _fstat_r
 .text          0x0201dfc4        0xc /opt/devkitpro/devkitARM/lib/gcc/arm-none-eabi/4.9.2/../../../../arm-none-eabi/lib/thumb/libsysbase.a(getpid.o)
                0x0201dfc4                _getpid_r
 .text          0x0201dfd0       0x28 /opt/devkitpro/devkitARM/lib/gcc/arm-none-eabi/4.9.2/../../../../arm-none-eabi/lib/thumb/libsysbase.a(gettod.o)
                0x0201dfd0                _gettimeofday_r
 .text          0x0201dff8        0x4 /opt/devkitpro/devkitARM/lib/gcc/arm-none-eabi/4.9.2/../../../../arm-none-eabi/lib/thumb/libsysbase.a(isatty.o)
                0x0201dff8                _isatty_r
 .text          0x0201dffc        0xc /opt/devkitpro/devkitARM/lib/gcc/arm-none-eabi/4.9.2/../../../../arm-none-eabi/lib/thumb/libsysbase.a(kill.o)
                0x0201dffc                _kill_r
 .text          0x0201e008       0x48 /opt/devkitpro/devkitARM/lib/gcc/arm-none-eabi/4.9.2/../../../../arm-none-eabi/lib/thumb/libsysbase.a(lseek.o)
                0x0201e008                _lseek_r
 .text          0x0201e050       0xa0 /opt/devkitpro/devkitARM/lib/gcc/arm-none-eabi/4.9.2/../../../../arm-none-eabi/lib/thumb/libsysbase.a(open.o)
                0x0201e050                _open_r
 .text          0x0201e0f0       0x48 /opt/devkitpro/devkitARM/lib/gcc/arm-none-eabi/4.9.2/../../../../arm-none-eabi/lib/thumb/libsysbase.a(read.o)
                0x0201e0f0                _read_r
 .text          0x0201e138       0x54 /opt/devkitpro/devkitARM/lib/gcc/arm-none-eabi/4.9.2/../../../../arm-none-eabi/lib/thumb/libsysbase.a(sbrk.o)
                0x0201e138                _sbrk_r
 .text          0x0201e18c       0x48 /opt/devkitpro/devkitARM/lib/gcc/arm-none-eabi/4.9.2/../../../../arm-none-eabi/lib/thumb/libsysbase.a(write.o)
                0x0201e18c                _write_r
 .text          0x0201e1d4       0x18 /opt/devkitpro/devkitARM/lib/gcc/arm-none-eabi/4.9.2/../../../../arm-none-eabi/lib/thumb/libsysbase.a(_exit.o)
                0x0201e1d4                _exit
 .text          0x0201e1ec        0x0 /opt/devkitpro/devkitARM/lib/gcc/arm-none-eabi/4.9.2/../../../../arm-none-eabi/lib/thumb/libsysbase.a(malloc_vars.o)
 .text          0x0201e1ec      0x280 /opt/devkitpro/devkitARM/lib/gcc/arm-none-eabi/4.9.2/../../../../arm-none-eabi/lib/thumb/libsysbase.a(chdir.o)
                0x0201e1ec                _concatenate_path
                0x0201e328                chdir
                0x0201e408                getcwd
 .text          0x0201e46c       0x50 /opt/devkitpro/devkitARM/lib/gcc/arm-none-eabi/4.9.2/../../../../arm-none-eabi/lib/thumb/libsysbase.a(build_argv.o)
                0x0201e46c                build_argv
 .text          0x0201e4bc        0x8 /opt/devkitpro/devkitARM/lib/gcc/arm-none-eabi/4.9.2/../../../../arm-none-eabi/lib/thumb/libsysbase.a(flock.o)
                0x0201e4bc                __flockfile
                0x0201e4c0                __funlockfile
 .text          0x0201e4c4      0x104 /opt/devkitpro/devkitARM/lib/gcc/arm-none-eabi/4.9.2/../../../../arm-none-eabi/lib/thumb/libsysbase.a(syscall_support.o)
                0x0201e4c4                __libc_lock_init
                0x0201e4dc                __libc_lock_acquire
                0x0201e4f4                __libc_lock_try_acquire
                0x0201e514                __libc_lock_release
                0x0201e52c                __libc_lock_close
                0x0201e544                __libc_lock_init_recursive
                0x0201e55c                __libc_lock_acquire_recursive
                0x0201e574                __libc_lock_try_acquire_recursive
                0x0201e594                __libc_lock_release_recursive
                0x0201e5ac                __libc_lock_close_recursive
 .text          0x0201e5c8      0x1a4 /opt/devkitpro/devkitARM/lib/gcc/arm-none-eabi/4.9.2/../../../../arm-none-eabi/lib/thumb/libsysbase.a(handle_manager.o)
                0x0201e5c8                __free_handle
                0x0201e5fc                __release_handle
                0x0201e624                __alloc_handle
                0x0201e668                __get_handle
                0x0201e684                dup
                0x0201e6dc                dup2
 .text          0x0201e76c       0x28 /opt/devkitpro/devkitARM/lib/gcc/arm-none-eabi/4.9.2/../../../../arm-none-eabi/lib/thumb/libsysbase.a(getreent.o)
                0x0201e76c                __getreent
 .text          0x0201e794       0x3c /opt/devkitpro/devkitARM/lib/gcc/arm-none-eabi/4.9.2/thumb/libgcc.a(_aeabi_uldivmod.o)
                0x0201e794                __aeabi_uldivmod
 .text          0x0201e7d0       0x74 /opt/devkitpro/devkitARM/lib/gcc/arm-none-eabi/4.9.2/thumb/libgcc.a(bpabi.o)
                0x0201e7d0                __gnu_ldivmod_helper
                0x0201e80c                __gnu_uldivmod_helper
 .text          0x0201e844      0x1f4 /opt/devkitpro/devkitARM/lib/gcc/arm-none-eabi/4.9.2/thumb/libgcc.a(_divdi3.o)
                0x0201e844                __divdi3
 .text          0x0201ea38      0x15c /opt/devkitpro/devkitARM/lib/gcc/arm-none-eabi/4.9.2/thumb/libgcc.a(_udivdi3.o)
                0x0201ea38                __udivdi3
 .text          0x0201eb94       0x28 /opt/devkitpro/devkitARM/lib/gcc/arm-none-eabi/4.9.2/thumb/libgcc.a(_clzdi2.o)
                0x0201eb94                __clzdi2
 .text          0x0201ebbc       0x48 /opt/devkitpro/devkitARM/lib/gcc/arm-none-eabi/4.9.2/thumb/libgcc.a(_clzsi2.o)
                0x0201ebbc                __clzsi2
 .text          0x0201ec04        0x0 /opt/devkitpro/devkitARM/lib/gcc/arm-none-eabi/4.9.2/thumb/crtend.o
 .text          0x0201ec04        0x0 /opt/devkitpro/devkitARM/lib/gcc/arm-none-eabi/4.9.2/thumb/crtn.o
 *(.text.*)
 .text._ZN7Sampler7ProcessEv
                0x0201ec04       0x18 main.o
                0x0201ec04                Sampler::Process()
 .text._ZN12SampleEditor7ProcessEv
                0x0201ec1c       0x3c main.o
                0x0201ec1c                SampleEditor::Process()
 .text._ZN12SampleEditor17HandleTouchScreenEmmm13touchPositionm
                0x0201ec58       0x24 main.o
                0x0201ec58                SampleEditor::HandleTouchScreen(unsigned long, unsigned long, unsigned long, touchPosition, unsigned long)
                0x0201ec6c                non-virtual thunk to SampleEditor::HandleTouchScreen(unsigned long, unsigned long, unsigned long, touchPosition, unsigned long)
 .text._ZN7PolySeq13HandleButtonsEmmmm
                0x0201ec7c       0x3c main.o
                0x0201ec7c                PolySeq::HandleButtons(unsigned long, unsigned long, unsigned long, unsigned long)
                0x0201eca8                non-virtual thunk to PolySeq::HandleButtons(unsigned long, unsigned long, unsigned long, unsigned long)
 .text._ZN11SimpleSynth12AsyncProcessEv
                0x0201ecb8       0x14 main.o
                0x0201ecb8                SimpleSynth::AsyncProcess()
                0x0201ecbc                non-virtual thunk to SimpleSynth::AsyncProcess()
 .text._ZN11SimpleSynth13HandleButtonsEmmmm
                0x0201eccc       0x14 main.o
                0x0201eccc                SimpleSynth::HandleButtons(unsigned long, unsigned long, unsigned long, unsigned long)
                0x0201ecd0                non-virtual thunk to SimpleSynth::HandleButtons(unsigned long, unsigned long, unsigned long, unsigned long)
 .text._ZN9Reel2Reel13HandleButtonsEmmmm
                0x0201ece0       0x64 main.o
                0x0201ece0                Reel2Reel::HandleButtons(unsigned long, unsigned long, unsigned long, unsigned long)
                0x0201ed34                non-virtual thunk to Reel2Reel::HandleButtons(unsigned long, unsigned long, unsigned long, unsigned long)
 *fill*         0x0201ed44        0x4 ff
 .text._ZN11SimpleSynth17HandleTouchScreenEmmm13touchPositionm
                0x0201ed48       0xb8 main.o
                0x0201ed48                SimpleSynth::HandleTouchScreen(unsigned long, unsigned long, unsigned long, touchPosition, unsigned long)
                0x0201edec                non-virtual thunk to SimpleSynth::HandleTouchScreen(unsigned long, unsigned long, unsigned long, touchPosition, unsigned long)
 .text._ZN7PolySeq17HandleTouchScreenEmmm13touchPositionm
                0x0201ee00       0xd4 main.o
                0x0201ee00                PolySeq::HandleTouchScreen(unsigned long, unsigned long, unsigned long, touchPosition, unsigned long)
                0x0201eec4                non-virtual thunk to PolySeq::HandleTouchScreen(unsigned long, unsigned long, unsigned long, touchPosition, unsigned long)
 .text._ZN12SampleEditor12AsyncProcessEv
                0x0201eed4      0x174 main.o
                0x0201eed4                SampleEditor::AsyncProcess()
                0x0201f038                non-virtual thunk to SampleEditor::AsyncProcess()
 .text._ZN7PolySeq12AsyncProcessEv
                0x0201f048       0x80 main.o
                0x0201f048                PolySeq::AsyncProcess()
                0x0201f0b8                non-virtual thunk to PolySeq::AsyncProcess()
 .text._ZN9Reel2Reel12AsyncProcessEv
                0x0201f0c8      0x100 main.o
                0x0201f0c8                Reel2Reel::AsyncProcess()
                0x0201f1b8                non-virtual thunk to Reel2Reel::AsyncProcess()
 .text._ZN7PolySeq4DrawE6gLayer
                0x0201f1c8      0x174 main.o
                0x0201f1c8                PolySeq::Draw(gLayer)
                0x0201f32c                non-virtual thunk to PolySeq::Draw(gLayer)
 .text._ZN12SampleEditor13HandleButtonsEmmmm
                0x0201f33c       0x58 main.o
                0x0201f33c                SampleEditor::HandleButtons(unsigned long, unsigned long, unsigned long, unsigned long)
                0x0201f384                non-virtual thunk to SampleEditor::HandleButtons(unsigned long, unsigned long, unsigned long, unsigned long)
 *fill*         0x0201f394        0x4 ff
 .text._ZN9Reel2Reel17HandleTouchScreenEmmm13touchPositionm
                0x0201f398       0x80 main.o
                0x0201f398                Reel2Reel::HandleTouchScreen(unsigned long, unsigned long, unsigned long, touchPosition, unsigned long)
                0x0201f404                non-virtual thunk to Reel2Reel::HandleTouchScreen(unsigned long, unsigned long, unsigned long, touchPosition, unsigned long)
 .text._ZN11SimpleSynth7ProcessEv
                0x0201f418       0x50 main.o
                0x0201f418                SimpleSynth::Process()
 .text._ZN7PolySeq7ProcessEv
                0x0201f468       0xc0 main.o
                0x0201f468                PolySeq::Process()
 .text._ZN9Reel2Reel7ProcessEv
                0x0201f528       0xc4 main.o
                0x0201f528                Reel2Reel::Process()
 .text._ZN11SoundEngine7ProcessEv
                0x0201f5ec      0x390 main.o
                0x0201f5ec                SoundEngine::Process()
 .text._ZN12SampleEditor4DrawE6gLayer
                0x0201f97c      0x180 main.o
                0x0201f97c                SampleEditor::Draw(gLayer)
                0x0201faec                non-virtual thunk to SampleEditor::Draw(gLayer)
 .text._ZN11SimpleSynth4DrawE6gLayer
                0x0201fafc      0x168 main.o
                0x0201fafc                SimpleSynth::Draw(gLayer)
                0x0201fc54                non-virtual thunk to SimpleSynth::Draw(gLayer)
 .text._ZN9Reel2Reel4DrawE6gLayer
                0x0201fc64      0x664 main.o
                0x0201fc64                Reel2Reel::Draw(gLayer)
                0x020202b8                non-virtual thunk to Reel2Reel::Draw(gLayer)
 .text._ZN11SoundEngineC2Ei
                0x020202c8      0x2cc main.o
                0x020202c8                SoundEngine::SoundEngine(int)
                0x020202c8                SoundEngine::SoundEngine(int)
 .text.startup  0x02020594       0xf4 main.o
                0x02020594                main
 .text._Znwj    0x02020688       0x48 /opt/devkitpro/devkitARM/lib/gcc/arm-none-eabi/4.9.2/../../../../arm-none-eabi/lib/thumb/libstdc++.a(new_op.o)
                0x02020688                operator new(unsigned int)
 .text._ZNKSt9bad_alloc4whatEv
                0x020206d0        0x8 /opt/devkitpro/devkitARM/lib/gcc/arm-none-eabi/4.9.2/../../../../arm-none-eabi/lib/thumb/libstdc++.a(bad_alloc.o)
                0x020206d0                std::bad_alloc::what() const
 .text._ZNSt9bad_allocD2Ev
                0x020206d8       0x1c /opt/devkitpro/devkitARM/lib/gcc/arm-none-eabi/4.9.2/../../../../arm-none-eabi/lib/thumb/libstdc++.a(bad_alloc.o)
                0x020206d8                std::bad_alloc::~bad_alloc()
                0x020206d8                std::bad_alloc::~bad_alloc()
 .text._ZNSt9bad_allocD0Ev
                0x020206f4       0x20 /opt/devkitpro/devkitARM/lib/gcc/arm-none-eabi/4.9.2/../../../../arm-none-eabi/lib/thumb/libstdc++.a(bad_alloc.o)
                0x020206f4                std::bad_alloc::~bad_alloc()
 .text._ZdlPv   0x02020714        0xc /opt/devkitpro/devkitARM/lib/gcc/arm-none-eabi/4.9.2/../../../../arm-none-eabi/lib/thumb/libstdc++.a(del_op.o)
                0x02020714                operator delete(void*)
 .text.__cxa_allocate_exception
                0x02020720       0x5c /opt/devkitpro/devkitARM/lib/gcc/arm-none-eabi/4.9.2/../../../../arm-none-eabi/lib/thumb/libstdc++.a(eh_alloc.o)
                0x02020720                __cxa_allocate_exception
 .text.__cxa_free_exception
                0x0202077c       0x3c /opt/devkitpro/devkitARM/lib/gcc/arm-none-eabi/4.9.2/../../../../arm-none-eabi/lib/thumb/libstdc++.a(eh_alloc.o)
                0x0202077c                __cxa_free_exception
 .text.__cxa_allocate_dependent_exception
                0x020207b8       0x54 /opt/devkitpro/devkitARM/lib/gcc/arm-none-eabi/4.9.2/../../../../arm-none-eabi/lib/thumb/libstdc++.a(eh_alloc.o)
                0x020207b8                __cxa_allocate_dependent_exception
 .text.__cxa_free_dependent_exception
                0x0202080c       0x3c /opt/devkitpro/devkitARM/lib/gcc/arm-none-eabi/4.9.2/../../../../arm-none-eabi/lib/thumb/libstdc++.a(eh_alloc.o)
                0x0202080c                __cxa_free_dependent_exception
 .text._ZNSt9exceptionD2Ev
                0x02020848        0x4 /opt/devkitpro/devkitARM/lib/gcc/arm-none-eabi/4.9.2/../../../../arm-none-eabi/lib/thumb/libstdc++.a(eh_exception.o)
                0x02020848                std::exception::~exception()
                0x02020848                std::exception::~exception()
 .text._ZNSt13bad_exceptionD2Ev
                0x0202084c        0x4 /opt/devkitpro/devkitARM/lib/gcc/arm-none-eabi/4.9.2/../../../../arm-none-eabi/lib/thumb/libstdc++.a(eh_exception.o)
                0x0202084c                std::bad_exception::~bad_exception()
                0x0202084c                std::bad_exception::~bad_exception()
 .text._ZNKSt9exception4whatEv
                0x02020850        0x8 /opt/devkitpro/devkitARM/lib/gcc/arm-none-eabi/4.9.2/../../../../arm-none-eabi/lib/thumb/libstdc++.a(eh_exception.o)
                0x02020850                std::exception::what() const
 .text._ZNKSt13bad_exception4whatEv
                0x02020858        0x8 /opt/devkitpro/devkitARM/lib/gcc/arm-none-eabi/4.9.2/../../../../arm-none-eabi/lib/thumb/libstdc++.a(eh_exception.o)
                0x02020858                std::bad_exception::what() const
 .text._ZNSt9exceptionD0Ev
                0x02020860       0x10 /opt/devkitpro/devkitARM/lib/gcc/arm-none-eabi/4.9.2/../../../../arm-none-eabi/lib/thumb/libstdc++.a(eh_exception.o)
                0x02020860                std::exception::~exception()
 .text._ZNSt13bad_exceptionD0Ev
                0x02020870       0x10 /opt/devkitpro/devkitARM/lib/gcc/arm-none-eabi/4.9.2/../../../../arm-none-eabi/lib/thumb/libstdc++.a(eh_exception.o)
                0x02020870                std::bad_exception::~bad_exception()
 .text._ZN10__cxxabiv115__forced_unwindD2Ev
                0x02020880        0x4 /opt/devkitpro/devkitARM/lib/gcc/arm-none-eabi/4.9.2/../../../../arm-none-eabi/lib/thumb/libstdc++.a(eh_exception.o)
                0x02020880                __cxxabiv1::__forced_unwind::~__forced_unwind()
                0x02020880                __cxxabiv1::__forced_unwind::~__forced_unwind()
 .text._ZN10__cxxabiv115__forced_unwindD0Ev
                0x02020884       0x10 /opt/devkitpro/devkitARM/lib/gcc/arm-none-eabi/4.9.2/../../../../arm-none-eabi/lib/thumb/libstdc++.a(eh_exception.o)
                0x02020884                __cxxabiv1::__forced_unwind::~__forced_unwind()
 .text._ZN10__cxxabiv119__foreign_exceptionD2Ev
                0x02020894        0x4 /opt/devkitpro/devkitARM/lib/gcc/arm-none-eabi/4.9.2/../../../../arm-none-eabi/lib/thumb/libstdc++.a(eh_exception.o)
                0x02020894                __cxxabiv1::__foreign_exception::~__foreign_exception()
                0x02020894                __cxxabiv1::__foreign_exception::~__foreign_exception()
 .text._ZN10__cxxabiv119__foreign_exceptionD0Ev
                0x02020898       0x10 /opt/devkitpro/devkitARM/lib/gcc/arm-none-eabi/4.9.2/../../../../arm-none-eabi/lib/thumb/libstdc++.a(eh_exception.o)
                0x02020898                __cxxabiv1::__foreign_exception::~__foreign_exception()
 .text._ZN10__cxxabiv111__terminateEPFvvE
                0x020208a8       0x2c /opt/devkitpro/devkitARM/lib/gcc/arm-none-eabi/4.9.2/../../../../arm-none-eabi/lib/thumb/libstdc++.a(eh_terminate.o)
                0x020208a8                __cxxabiv1::__terminate(void (*)())
 .text._ZSt9terminatev
                0x020208d4       0x10 /opt/devkitpro/devkitARM/lib/gcc/arm-none-eabi/4.9.2/../../../../arm-none-eabi/lib/thumb/libstdc++.a(eh_terminate.o)
                0x020208d4                std::terminate()
 .text._ZN10__cxxabiv112__unexpectedEPFvvE
                0x020208e4        0xc /opt/devkitpro/devkitARM/lib/gcc/arm-none-eabi/4.9.2/../../../../arm-none-eabi/lib/thumb/libstdc++.a(eh_terminate.o)
                0x020208e4                __cxxabiv1::__unexpected(void (*)())
 .text._ZSt10unexpectedv
                0x020208f0       0x10 /opt/devkitpro/devkitARM/lib/gcc/arm-none-eabi/4.9.2/../../../../arm-none-eabi/lib/thumb/libstdc++.a(eh_terminate.o)
                0x020208f0                std::unexpected()
 .text._ZSt13set_terminatePFvvE
                0x02020900       0x10 /opt/devkitpro/devkitARM/lib/gcc/arm-none-eabi/4.9.2/../../../../arm-none-eabi/lib/thumb/libstdc++.a(eh_terminate.o)
                0x02020900                std::set_terminate(void (*)())
 .text._ZSt13get_terminatev
                0x02020910        0xc /opt/devkitpro/devkitARM/lib/gcc/arm-none-eabi/4.9.2/../../../../arm-none-eabi/lib/thumb/libstdc++.a(eh_terminate.o)
                0x02020910                std::get_terminate()
 .text._ZSt14set_unexpectedPFvvE
                0x0202091c       0x10 /opt/devkitpro/devkitARM/lib/gcc/arm-none-eabi/4.9.2/../../../../arm-none-eabi/lib/thumb/libstdc++.a(eh_terminate.o)
                0x0202091c                std::set_unexpected(void (*)())
 .text._ZSt14get_unexpectedv
                0x0202092c        0xc /opt/devkitpro/devkitARM/lib/gcc/arm-none-eabi/4.9.2/../../../../arm-none-eabi/lib/thumb/libstdc++.a(eh_terminate.o)
                0x0202092c                std::get_unexpected()
 .text._ZL23__gxx_exception_cleanup19_Unwind_Reason_CodeP21_Unwind_Control_Block
                0x02020938       0x30 /opt/devkitpro/devkitARM/lib/gcc/arm-none-eabi/4.9.2/../../../../arm-none-eabi/lib/thumb/libstdc++.a(eh_throw.o)
 .text.__cxa_throw
                0x02020968       0x6c /opt/devkitpro/devkitARM/lib/gcc/arm-none-eabi/4.9.2/../../../../arm-none-eabi/lib/thumb/libstdc++.a(eh_throw.o)
                0x02020968                __cxa_throw
 .text.__cxa_rethrow
                0x020209d4       0x74 /opt/devkitpro/devkitARM/lib/gcc/arm-none-eabi/4.9.2/../../../../arm-none-eabi/lib/thumb/libstdc++.a(eh_throw.o)
                0x020209d4                __cxa_rethrow
 .text._ZSt15set_new_handlerPFvvE
                0x02020a48       0x10 /opt/devkitpro/devkitARM/lib/gcc/arm-none-eabi/4.9.2/../../../../arm-none-eabi/lib/thumb/libstdc++.a(new_handler.o)
                0x02020a48                std::set_new_handler(void (*)())
 .text._ZSt15get_new_handlerv
                0x02020a58        0xc /opt/devkitpro/devkitARM/lib/gcc/arm-none-eabi/4.9.2/../../../../arm-none-eabi/lib/thumb/libstdc++.a(new_handler.o)
                0x02020a58                std::get_new_handler()
 .text.__cxa_pure_virtual
                0x02020a64       0x14 /opt/devkitpro/devkitARM/lib/gcc/arm-none-eabi/4.9.2/../../../../arm-none-eabi/lib/thumb/libstdc++.a(pure.o)
                0x02020a64                __cxa_pure_virtual
 .text.__cxa_deleted_virtual
                0x02020a78       0x14 /opt/devkitpro/devkitARM/lib/gcc/arm-none-eabi/4.9.2/../../../../arm-none-eabi/lib/thumb/libstdc++.a(pure.o)
                0x02020a78                __cxa_deleted_virtual
 .text._ZN10__cxxabiv120__si_class_type_infoD2Ev
                0x02020a8c       0x1c /opt/devkitpro/devkitARM/lib/gcc/arm-none-eabi/4.9.2/../../../../arm-none-eabi/lib/thumb/libstdc++.a(si_class_type_info.o)
                0x02020a8c                __cxxabiv1::__si_class_type_info::~__si_class_type_info()
                0x02020a8c                __cxxabiv1::__si_class_type_info::~__si_class_type_info()
 .text._ZN10__cxxabiv120__si_class_type_infoD0Ev
                0x02020aa8       0x20 /opt/devkitpro/devkitARM/lib/gcc/arm-none-eabi/4.9.2/../../../../arm-none-eabi/lib/thumb/libstdc++.a(si_class_type_info.o)
                0x02020aa8                __cxxabiv1::__si_class_type_info::~__si_class_type_info()
 .text._ZNK10__cxxabiv120__si_class_type_info20__do_find_public_srcEiPKvPKNS_17__class_type_infoES2_
                0x02020ac8       0x40 /opt/devkitpro/devkitARM/lib/gcc/arm-none-eabi/4.9.2/../../../../arm-none-eabi/lib/thumb/libstdc++.a(si_class_type_info.o)
                0x02020ac8                __cxxabiv1::__si_class_type_info::__do_find_public_src(int, void const*, __cxxabiv1::__class_type_info const*, void const*) const
 .text._ZNK10__cxxabiv120__si_class_type_info12__do_dyncastEiNS_17__class_type_info10__sub_kindEPKS1_PKvS4_S6_RNS1_16__dyncast_resultE
                0x02020b08       0x98 /opt/devkitpro/devkitARM/lib/gcc/arm-none-eabi/4.9.2/../../../../arm-none-eabi/lib/thumb/libstdc++.a(si_class_type_info.o)
                0x02020b08                __cxxabiv1::__si_class_type_info::__do_dyncast(int, __cxxabiv1::__class_type_info::__sub_kind, __cxxabiv1::__class_type_info const*, void const*, __cxxabiv1::__class_type_info const*, void const*, __cxxabiv1::__class_type_info::__dyncast_result&) const
 .text._ZNK10__cxxabiv120__si_class_type_info11__do_upcastEPKNS_17__class_type_infoEPKvRNS1_15__upcast_resultE
                0x02020ba0       0x2c /opt/devkitpro/devkitARM/lib/gcc/arm-none-eabi/4.9.2/../../../../arm-none-eabi/lib/thumb/libstdc++.a(si_class_type_info.o)
                0x02020ba0                __cxxabiv1::__si_class_type_info::__do_upcast(__cxxabiv1::__class_type_info const*, void const*, __cxxabiv1::__class_type_info::__upcast_result&) const
 .text._ZNSt9type_infoD2Ev
                0x02020bcc        0x4 /opt/devkitpro/devkitARM/lib/gcc/arm-none-eabi/4.9.2/../../../../arm-none-eabi/lib/thumb/libstdc++.a(tinfo.o)
                0x02020bcc                std::type_info::~type_info()
                0x02020bcc                std::type_info::~type_info()
 .text._ZNKSt9type_info14__is_pointer_pEv
                0x02020bd0        0x4 /opt/devkitpro/devkitARM/lib/gcc/arm-none-eabi/4.9.2/../../../../arm-none-eabi/lib/thumb/libstdc++.a(tinfo.o)
                0x02020bd0                std::type_info::__is_pointer_p() const
 .text._ZNKSt9type_info15__is_function_pEv
                0x02020bd4        0x4 /opt/devkitpro/devkitARM/lib/gcc/arm-none-eabi/4.9.2/../../../../arm-none-eabi/lib/thumb/libstdc++.a(tinfo.o)
                0x02020bd4                std::type_info::__is_function_p() const
 .text._ZNKSt9type_info11__do_upcastEPKN10__cxxabiv117__class_type_infoEPPv
                0x02020bd8        0x4 /opt/devkitpro/devkitARM/lib/gcc/arm-none-eabi/4.9.2/../../../../arm-none-eabi/lib/thumb/libstdc++.a(tinfo.o)
                0x02020bd8                std::type_info::__do_upcast(__cxxabiv1::__class_type_info const*, void**) const
 .text._ZNSt9type_infoD0Ev
                0x02020bdc       0x10 /opt/devkitpro/devkitARM/lib/gcc/arm-none-eabi/4.9.2/../../../../arm-none-eabi/lib/thumb/libstdc++.a(tinfo.o)
                0x02020bdc                std::type_info::~type_info()
 .text._ZNKSt9type_infoeqERKS_
                0x02020bec       0x30 /opt/devkitpro/devkitARM/lib/gcc/arm-none-eabi/4.9.2/../../../../arm-none-eabi/lib/thumb/libstdc++.a(tinfo.o)
                0x02020bec                std::type_info::operator==(std::type_info const&) const
 .text._ZNKSt9type_info10__do_catchEPKS_PPvj
                0x02020c1c        0xc /opt/devkitpro/devkitARM/lib/gcc/arm-none-eabi/4.9.2/../../../../arm-none-eabi/lib/thumb/libstdc++.a(tinfo.o)
                0x02020c1c                std::type_info::__do_catch(std::type_info const*, void**, unsigned int) const
 .text._ZNK10__cxxabiv117__class_type_info11__do_upcastEPKS0_PPv
                0x02020c28       0x40 /opt/devkitpro/devkitARM/lib/gcc/arm-none-eabi/4.9.2/../../../../arm-none-eabi/lib/thumb/libstdc++.a(class_type_info.o)
                0x02020c28                __cxxabiv1::__class_type_info::__do_upcast(__cxxabiv1::__class_type_info const*, void**) const
 .text._ZNK10__cxxabiv117__class_type_info20__do_find_public_srcEiPKvPKS0_S2_
                0x02020c68       0x10 /opt/devkitpro/devkitARM/lib/gcc/arm-none-eabi/4.9.2/../../../../arm-none-eabi/lib/thumb/libstdc++.a(class_type_info.o)
                0x02020c68                __cxxabiv1::__class_type_info::__do_find_public_src(int, void const*, __cxxabiv1::__class_type_info const*, void const*) const
 .text._ZN10__cxxabiv117__class_type_infoD2Ev
                0x02020c78       0x1c /opt/devkitpro/devkitARM/lib/gcc/arm-none-eabi/4.9.2/../../../../arm-none-eabi/lib/thumb/libstdc++.a(class_type_info.o)
                0x02020c78                __cxxabiv1::__class_type_info::~__class_type_info()
                0x02020c78                __cxxabiv1::__class_type_info::~__class_type_info()
 .text._ZN10__cxxabiv117__class_type_infoD0Ev
                0x02020c94       0x20 /opt/devkitpro/devkitARM/lib/gcc/arm-none-eabi/4.9.2/../../../../arm-none-eabi/lib/thumb/libstdc++.a(class_type_info.o)
                0x02020c94                __cxxabiv1::__class_type_info::~__class_type_info()
 .text._ZNK10__cxxabiv117__class_type_info11__do_upcastEPKS0_PKvRNS0_15__upcast_resultE
                0x02020cb4       0x20 /opt/devkitpro/devkitARM/lib/gcc/arm-none-eabi/4.9.2/../../../../arm-none-eabi/lib/thumb/libstdc++.a(class_type_info.o)
                0x02020cb4                __cxxabiv1::__class_type_info::__do_upcast(__cxxabiv1::__class_type_info const*, void const*, __cxxabiv1::__class_type_info::__upcast_result&) const
 .text._ZNK10__cxxabiv117__class_type_info10__do_catchEPKSt9type_infoPPvj
                0x02020cd4       0x30 /opt/devkitpro/devkitARM/lib/gcc/arm-none-eabi/4.9.2/../../../../arm-none-eabi/lib/thumb/libstdc++.a(class_type_info.o)
                0x02020cd4                __cxxabiv1::__class_type_info::__do_catch(std::type_info const*, void**, unsigned int) const
 .text._ZNK10__cxxabiv117__class_type_info12__do_dyncastEiNS0_10__sub_kindEPKS0_PKvS3_S5_RNS0_16__dyncast_resultE
                0x02020d04       0x44 /opt/devkitpro/devkitARM/lib/gcc/arm-none-eabi/4.9.2/../../../../arm-none-eabi/lib/thumb/libstdc++.a(class_type_info.o)
                0x02020d04                __cxxabiv1::__class_type_info::__do_dyncast(int, __cxxabiv1::__class_type_info::__sub_kind, __cxxabiv1::__class_type_info const*, void const*, __cxxabiv1::__class_type_info const*, void const*, __cxxabiv1::__class_type_info::__dyncast_result&) const
 .text.__cxa_end_cleanup
                0x02020d48        0xc /opt/devkitpro/devkitARM/lib/gcc/arm-none-eabi/4.9.2/../../../../arm-none-eabi/lib/thumb/libstdc++.a(eh_arm.o)
                0x02020d48                __cxa_end_cleanup
 .text.__cxa_type_match
                0x02020d54       0xd4 /opt/devkitpro/devkitARM/lib/gcc/arm-none-eabi/4.9.2/../../../../arm-none-eabi/lib/thumb/libstdc++.a(eh_arm.o)
                0x02020d54                __cxa_type_match
 .text.__cxa_begin_cleanup
                0x02020e28       0x64 /opt/devkitpro/devkitARM/lib/gcc/arm-none-eabi/4.9.2/../../../../arm-none-eabi/lib/thumb/libstdc++.a(eh_arm.o)
                0x02020e28                __cxa_begin_cleanup
 .text.__gnu_end_cleanup
                0x02020e8c       0x74 /opt/devkitpro/devkitARM/lib/gcc/arm-none-eabi/4.9.2/../../../../arm-none-eabi/lib/thumb/libstdc++.a(eh_arm.o)
                0x02020e8c                __gnu_end_cleanup
 .text._ZN10__cxxabiv1L24__is_gxx_exception_classEPc
                0x02020f00       0x40 /opt/devkitpro/devkitARM/lib/gcc/arm-none-eabi/4.9.2/../../../../arm-none-eabi/lib/thumb/libstdc++.a(eh_call.o)
 .text.__cxa_call_terminate
                0x02020f40       0x20 /opt/devkitpro/devkitARM/lib/gcc/arm-none-eabi/4.9.2/../../../../arm-none-eabi/lib/thumb/libstdc++.a(eh_call.o)
                0x02020f40                __cxa_call_terminate
 .text.__cxa_call_unexpected
                0x02020f60      0x104 /opt/devkitpro/devkitARM/lib/gcc/arm-none-eabi/4.9.2/../../../../arm-none-eabi/lib/thumb/libstdc++.a(eh_call.o)
                0x02020f60                __cxa_call_unexpected
 .text.__cxa_get_exception_ptr
                0x02021064        0x4 /opt/devkitpro/devkitARM/lib/gcc/arm-none-eabi/4.9.2/../../../../arm-none-eabi/lib/thumb/libstdc++.a(eh_catch.o)
                0x02021064                __cxa_get_exception_ptr
 .text.__cxa_begin_catch
                0x02021068       0x88 /opt/devkitpro/devkitARM/lib/gcc/arm-none-eabi/4.9.2/../../../../arm-none-eabi/lib/thumb/libstdc++.a(eh_catch.o)
                0x02021068                __cxa_begin_catch
 .text.__cxa_end_catch
                0x020210f0       0x94 /opt/devkitpro/devkitARM/lib/gcc/arm-none-eabi/4.9.2/../../../../arm-none-eabi/lib/thumb/libstdc++.a(eh_catch.o)
                0x020210f0                __cxa_end_catch
 .text._ZSt18uncaught_exceptionv
                0x02021184       0x14 /opt/devkitpro/devkitARM/lib/gcc/arm-none-eabi/4.9.2/../../../../arm-none-eabi/lib/thumb/libstdc++.a(eh_catch.o)
                0x02021184                std::uncaught_exception()
 .text.__cxa_get_globals_fast
                0x02021198        0x8 /opt/devkitpro/devkitARM/lib/gcc/arm-none-eabi/4.9.2/../../../../arm-none-eabi/lib/thumb/libstdc++.a(eh_globals.o)
                0x02021198                __cxa_get_globals_fast
 .text.__cxa_get_globals
                0x020211a0        0x8 /opt/devkitpro/devkitARM/lib/gcc/arm-none-eabi/4.9.2/../../../../arm-none-eabi/lib/thumb/libstdc++.a(eh_globals.o)
                0x020211a0                __cxa_get_globals
 .text._ZL12read_sleb128PKhPl
                0x020211a8       0x34 /opt/devkitpro/devkitARM/lib/gcc/arm-none-eabi/4.9.2/../../../../arm-none-eabi/lib/thumb/libstdc++.a(eh_personality.o)
 .text._ZL28read_encoded_value_with_basehjPKhPj
                0x020211dc       0xe0 /opt/devkitpro/devkitARM/lib/gcc/arm-none-eabi/4.9.2/../../../../arm-none-eabi/lib/thumb/libstdc++.a(eh_personality.o)
 .text._ZL21base_of_encoded_valuehP15_Unwind_Context
                0x020212bc       0x4c /opt/devkitpro/devkitARM/lib/gcc/arm-none-eabi/4.9.2/../../../../arm-none-eabi/lib/thumb/libstdc++.a(eh_personality.o)
 .text._ZL17parse_lsda_headerP15_Unwind_ContextPKhP16lsda_header_info
                0x02021308       0xa0 /opt/devkitpro/devkitARM/lib/gcc/arm-none-eabi/4.9.2/../../../../arm-none-eabi/lib/thumb/libstdc++.a(eh_personality.o)
 .text.__gxx_personality_v0
                0x020213a8      0x418 /opt/devkitpro/devkitARM/lib/gcc/arm-none-eabi/4.9.2/../../../../arm-none-eabi/lib/thumb/libstdc++.a(eh_personality.o)
                0x020213a8                __gxx_personality_v0
 .text._ZN9__gnu_cxx27__verbose_terminate_handlerEv
                0x020217c0      0x120 /opt/devkitpro/devkitARM/lib/gcc/arm-none-eabi/4.9.2/../../../../arm-none-eabi/lib/thumb/libstdc++.a(vterminate.o)
                0x020217c0                __gnu_cxx::__verbose_terminate_handler()
 .text.__cxa_current_exception_type
                0x020218e0       0x28 /opt/devkitpro/devkitARM/lib/gcc/arm-none-eabi/4.9.2/../../../../arm-none-eabi/lib/thumb/libstdc++.a(eh_type.o)
                0x020218e0                __cxa_current_exception_type
 .text.pow      0x02021908      0x3c0 /opt/devkitpro/devkitARM/lib/gcc/arm-none-eabi/4.9.2/../../../../arm-none-eabi/lib/thumb/libm.a(lib_a-w_pow.o)
                0x02021908                pow
 .text.sqrt     0x02021cc8       0xc8 /opt/devkitpro/devkitARM/lib/gcc/arm-none-eabi/4.9.2/../../../../arm-none-eabi/lib/thumb/libm.a(lib_a-w_sqrt.o)
                0x02021cc8                sqrt
 .text.__ieee754_pow
                0x02021d90      0xb08 /opt/devkitpro/devkitARM/lib/gcc/arm-none-eabi/4.9.2/../../../../arm-none-eabi/lib/thumb/libm.a(lib_a-e_pow.o)
                0x02021d90                __ieee754_pow
 .text.__ieee754_sqrt
                0x02022898      0x1d8 /opt/devkitpro/devkitARM/lib/gcc/arm-none-eabi/4.9.2/../../../../arm-none-eabi/lib/thumb/libm.a(lib_a-e_sqrt.o)
                0x02022898                __ieee754_sqrt
 .text.fabs     0x02022a70        0x8 /opt/devkitpro/devkitARM/lib/gcc/arm-none-eabi/4.9.2/../../../../arm-none-eabi/lib/thumb/libm.a(lib_a-s_fabs.o)
                0x02022a70                fabs
 .text.finite   0x02022a78       0x14 /opt/devkitpro/devkitARM/lib/gcc/arm-none-eabi/4.9.2/../../../../arm-none-eabi/lib/thumb/libm.a(lib_a-s_finite.o)
                0x02022a78                finite
 .text.__fpclassifyd
                0x02022a8c       0x5c /opt/devkitpro/devkitARM/lib/gcc/arm-none-eabi/4.9.2/../../../../arm-none-eabi/lib/thumb/libm.a(lib_a-s_fpclassify.o)
                0x02022a8c                __fpclassifyd
 .text.matherr  0x02022ae8        0x4 /opt/devkitpro/devkitARM/lib/gcc/arm-none-eabi/4.9.2/../../../../arm-none-eabi/lib/thumb/libm.a(lib_a-s_matherr.o)
                0x02022ae8                matherr
 *fill*         0x02022aec        0x4 ff
 .text.nan      0x02022af0       0x10 /opt/devkitpro/devkitARM/lib/gcc/arm-none-eabi/4.9.2/../../../../arm-none-eabi/lib/thumb/libm.a(lib_a-s_nan.o)
                0x02022af0                nan
 .text.rint     0x02022b00      0x148 /opt/devkitpro/devkitARM/lib/gcc/arm-none-eabi/4.9.2/../../../../arm-none-eabi/lib/thumb/libm.a(lib_a-s_rint.o)
                0x02022b00                rint
 .text.scalbn   0x02022c48      0x108 /opt/devkitpro/devkitARM/lib/gcc/arm-none-eabi/4.9.2/../../../../arm-none-eabi/lib/thumb/libm.a(lib_a-s_scalbn.o)
                0x02022c48                scalbn
 .text.copysign
                0x02022d50       0x14 /opt/devkitpro/devkitARM/lib/gcc/arm-none-eabi/4.9.2/../../../../arm-none-eabi/lib/thumb/libm.a(lib_a-s_copysign.o)
                0x02022d50                copysign
 .text.abort    0x02022d64       0x10 /opt/devkitpro/devkitARM/lib/gcc/arm-none-eabi/4.9.2/../../../../arm-none-eabi/lib/thumb/libg.a(lib_a-abort.o)
                0x02022d64                abort
 .text.bsearch  0x02022d74       0x64 /opt/devkitpro/devkitARM/lib/gcc/arm-none-eabi/4.9.2/../../../../arm-none-eabi/lib/thumb/libg.a(lib_a-bsearch.o)
                0x02022d74                bsearch
 .text.__set_ctype
                0x02022dd8       0x10 /opt/devkitpro/devkitARM/lib/gcc/arm-none-eabi/4.9.2/../../../../arm-none-eabi/lib/thumb/libg.a(lib_a-ctype_.o)
                0x02022dd8                __set_ctype
 .text.__errno  0x02022de8        0xc /opt/devkitpro/devkitARM/lib/gcc/arm-none-eabi/4.9.2/../../../../arm-none-eabi/lib/thumb/libg.a(lib_a-errno.o)
                0x02022de8                __errno
 .text._fclose_r
                0x02022df4       0xac /opt/devkitpro/devkitARM/lib/gcc/arm-none-eabi/4.9.2/../../../../arm-none-eabi/lib/thumb/libg.a(lib_a-fclose.o)
                0x02022df4                _fclose_r
 .text.fclose   0x02022ea0       0x14 /opt/devkitpro/devkitARM/lib/gcc/arm-none-eabi/4.9.2/../../../../arm-none-eabi/lib/thumb/libg.a(lib_a-fclose.o)
                0x02022ea0                fclose
 .text.__sflush_r
                0x02022eb4      0x168 /opt/devkitpro/devkitARM/lib/gcc/arm-none-eabi/4.9.2/../../../../arm-none-eabi/lib/thumb/libg.a(lib_a-fflush.o)
                0x02022eb4                __sflush_r
 .text._fflush_r